Component: ARM Compiler 5.06 update 7 (build 960) Tool: armlink [4d3601]

==============================================================================

Section Cross References

    system_stm32f4xx.o(i.SystemCoreClockUpdate) refers to system_stm32f4xx.o(.data) for SystemCoreClock
    system_stm32f4xx.o(i.SystemInit) refers to system_stm32f4xx.o(i.SetSysClock) for SetSysClock
    startup_stm32f40_41xxx.o(RESET) refers to startup_stm32f40_41xxx.o(STACK) for __initial_sp
    startup_stm32f40_41xxx.o(RESET) refers to startup_stm32f40_41xxx.o(.text) for Reset_Handler
    startup_stm32f40_41xxx.o(RESET) refers to stm32f4xx_it.o(i.NMI_Handler) for NMI_Handler
    startup_stm32f40_41xxx.o(RESET) refers to stm32f4xx_it.o(i.HardFault_Handler) for HardFault_Handler
    startup_stm32f40_41xxx.o(RESET) refers to stm32f4xx_it.o(i.MemManage_Handler) for MemManage_Handler
    startup_stm32f40_41xxx.o(RESET) refers to stm32f4xx_it.o(i.BusFault_Handler) for BusFault_Handler
    startup_stm32f40_41xxx.o(RESET) refers to stm32f4xx_it.o(i.UsageFault_Handler) for UsageFault_Handler
    startup_stm32f40_41xxx.o(RESET) refers to stm32f4xx_it.o(i.SVC_Handler) for SVC_Handler
    startup_stm32f40_41xxx.o(RESET) refers to stm32f4xx_it.o(i.DebugMon_Handler) for DebugMon_Handler
    startup_stm32f40_41xxx.o(RESET) refers to stm32f4xx_it.o(i.PendSV_Handler) for PendSV_Handler
    startup_stm32f40_41xxx.o(RESET) refers to stm32f4xx_it.o(i.SysTick_Handler) for SysTick_Handler
    startup_stm32f40_41xxx.o(RESET) refers to stm32f4xx_it.o(i.USART1_IRQHandler) for USART1_IRQHandler
    startup_stm32f40_41xxx.o(.text) refers to system_stm32f4xx.o(i.SystemInit) for SystemInit
    startup_stm32f40_41xxx.o(.text) refers to entry.o(.ARM.Collect$$$$00000000) for __main
    stm32f4xx_adc.o(i.ADC_DeInit) refers to stm32f4xx_rcc.o(i.RCC_APB2PeriphResetCmd) for RCC_APB2PeriphResetCmd
    stm32f4xx_can.o(i.CAN_DeInit) refers to stm32f4xx_rcc.o(i.RCC_APB1PeriphResetCmd) for RCC_APB1PeriphResetCmd
    stm32f4xx_can.o(i.CAN_GetITStatus) refers to stm32f4xx_can.o(i.CheckITStatus) for CheckITStatus
    stm32f4xx_cryp.o(i.CRYP_DeInit) refers to stm32f4xx_rcc.o(i.RCC_AHB2PeriphResetCmd) for RCC_AHB2PeriphResetCmd
    stm32f4xx_cryp_aes.o(i.CRYP_AES_CBC) refers to stm32f4xx_cryp.o(i.CRYP_KeyStructInit) for CRYP_KeyStructInit
    stm32f4xx_cryp_aes.o(i.CRYP_AES_CBC) refers to stm32f4xx_cryp.o(i.CRYP_FIFOFlush) for CRYP_FIFOFlush
    stm32f4xx_cryp_aes.o(i.CRYP_AES_CBC) refers to stm32f4xx_cryp.o(i.CRYP_Init) for CRYP_Init
    stm32f4xx_cryp_aes.o(i.CRYP_AES_CBC) refers to stm32f4xx_cryp.o(i.CRYP_KeyInit) for CRYP_KeyInit
    stm32f4xx_cryp_aes.o(i.CRYP_AES_CBC) refers to stm32f4xx_cryp.o(i.CRYP_Cmd) for CRYP_Cmd
    stm32f4xx_cryp_aes.o(i.CRYP_AES_CBC) refers to stm32f4xx_cryp.o(i.CRYP_GetFlagStatus) for CRYP_GetFlagStatus
    stm32f4xx_cryp_aes.o(i.CRYP_AES_CBC) refers to stm32f4xx_cryp.o(i.CRYP_IVInit) for CRYP_IVInit
    stm32f4xx_cryp_aes.o(i.CRYP_AES_CBC) refers to stm32f4xx_cryp.o(i.CRYP_GetCmdStatus) for CRYP_GetCmdStatus
    stm32f4xx_cryp_aes.o(i.CRYP_AES_CBC) refers to stm32f4xx_cryp.o(i.CRYP_DataIn) for CRYP_DataIn
    stm32f4xx_cryp_aes.o(i.CRYP_AES_CBC) refers to stm32f4xx_cryp.o(i.CRYP_DataOut) for CRYP_DataOut
    stm32f4xx_cryp_aes.o(i.CRYP_AES_CCM) refers to stm32f4xx_cryp.o(i.CRYP_KeyStructInit) for CRYP_KeyStructInit
    stm32f4xx_cryp_aes.o(i.CRYP_AES_CCM) refers to stm32f4xx_cryp.o(i.CRYP_FIFOFlush) for CRYP_FIFOFlush
    stm32f4xx_cryp_aes.o(i.CRYP_AES_CCM) refers to stm32f4xx_cryp.o(i.CRYP_KeyInit) for CRYP_KeyInit
    stm32f4xx_cryp_aes.o(i.CRYP_AES_CCM) refers to stm32f4xx_cryp.o(i.CRYP_IVInit) for CRYP_IVInit
    stm32f4xx_cryp_aes.o(i.CRYP_AES_CCM) refers to stm32f4xx_cryp.o(i.CRYP_Init) for CRYP_Init
    stm32f4xx_cryp_aes.o(i.CRYP_AES_CCM) refers to stm32f4xx_cryp.o(i.CRYP_PhaseConfig) for CRYP_PhaseConfig
    stm32f4xx_cryp_aes.o(i.CRYP_AES_CCM) refers to stm32f4xx_cryp.o(i.CRYP_DataIn) for CRYP_DataIn
    stm32f4xx_cryp_aes.o(i.CRYP_AES_CCM) refers to stm32f4xx_cryp.o(i.CRYP_Cmd) for CRYP_Cmd
    stm32f4xx_cryp_aes.o(i.CRYP_AES_CCM) refers to stm32f4xx_cryp.o(i.CRYP_GetCmdStatus) for CRYP_GetCmdStatus
    stm32f4xx_cryp_aes.o(i.CRYP_AES_CCM) refers to stm32f4xx_cryp.o(i.CRYP_GetFlagStatus) for CRYP_GetFlagStatus
    stm32f4xx_cryp_aes.o(i.CRYP_AES_CCM) refers to stm32f4xx_cryp.o(i.CRYP_DataOut) for CRYP_DataOut
    stm32f4xx_cryp_aes.o(i.CRYP_AES_CTR) refers to stm32f4xx_cryp.o(i.CRYP_KeyStructInit) for CRYP_KeyStructInit
    stm32f4xx_cryp_aes.o(i.CRYP_AES_CTR) refers to stm32f4xx_cryp.o(i.CRYP_KeyInit) for CRYP_KeyInit
    stm32f4xx_cryp_aes.o(i.CRYP_AES_CTR) refers to stm32f4xx_cryp.o(i.CRYP_Init) for CRYP_Init
    stm32f4xx_cryp_aes.o(i.CRYP_AES_CTR) refers to stm32f4xx_cryp.o(i.CRYP_IVInit) for CRYP_IVInit
    stm32f4xx_cryp_aes.o(i.CRYP_AES_CTR) refers to stm32f4xx_cryp.o(i.CRYP_FIFOFlush) for CRYP_FIFOFlush
    stm32f4xx_cryp_aes.o(i.CRYP_AES_CTR) refers to stm32f4xx_cryp.o(i.CRYP_Cmd) for CRYP_Cmd
[...]
    Removing stm32f4xx_tim.o(i.TIM_RemapConfig), (6 bytes).
    Removing stm32f4xx_tim.o(i.TIM_SelectCCDMA), (24 bytes).
    Removing stm32f4xx_tim.o(i.TIM_SelectCOM), (24 bytes).
    Removing stm32f4xx_tim.o(i.TIM_SelectHallSensor), (24 bytes).
    Removing stm32f4xx_tim.o(i.TIM_SelectInputTrigger), (18 bytes).
    Removing stm32f4xx_tim.o(i.TIM_SelectMasterSlaveMode), (18 bytes).
    Removing stm32f4xx_tim.o(i.TIM_SelectOCxM), (86 bytes).
    Removing stm32f4xx_tim.o(i.TIM_SelectOnePulseMode), (18 bytes).
    Removing stm32f4xx_tim.o(i.TIM_SelectOutputTrigger), (18 bytes).
    Removing stm32f4xx_tim.o(i.TIM_SelectSlaveMode), (18 bytes).
    Removing stm32f4xx_tim.o(i.TIM_SetAutoreload), (4 bytes).
    Removing stm32f4xx_tim.o(i.TIM_SetClockDivision), (18 bytes).
    Removing stm32f4xx_tim.o(i.TIM_SetCompare1), (4 bytes).
    Removing stm32f4xx_tim.o(i.TIM_SetCompare2), (4 bytes).
    Removing stm32f4xx_tim.o(i.TIM_SetCompare3), (4 bytes).
    Removing stm32f4xx_tim.o(i.TIM_SetCompare4), (4 bytes).
    Removing stm32f4xx_tim.o(i.TIM_SetCounter), (4 bytes).
    Removing stm32f4xx_tim.o(i.TIM_SetIC1Prescaler), (18 bytes).
    Removing stm32f4xx_tim.o(i.TIM_SetIC2Prescaler), (26 bytes).
    Removing stm32f4xx_tim.o(i.TIM_SetIC3Prescaler), (18 bytes).
    Removing stm32f4xx_tim.o(i.TIM_SetIC4Prescaler), (26 bytes).
    Removing stm32f4xx_tim.o(i.TIM_TIxExternalClockConfig), (62 bytes).
    Removing stm32f4xx_tim.o(i.TIM_TimeBaseInit), (132 bytes).
    Removing stm32f4xx_tim.o(i.TIM_TimeBaseStructInit), (18 bytes).
    Removing stm32f4xx_tim.o(i.TIM_UpdateDisableConfig), (24 bytes).
    Removing stm32f4xx_tim.o(i.TIM_UpdateRequestConfig), (24 bytes).
    Removing stm32f4xx_usart.o(.rev16_text), (4 bytes).
    Removing stm32f4xx_usart.o(.revsh_text), (4 bytes).
    Removing stm32f4xx_usart.o(.rrx_text), (6 bytes).
    Removing stm32f4xx_usart.o(i.USART_ClearFlag), (18 bytes).
    Removing stm32f4xx_usart.o(i.USART_ClearITPendingBit), (30 bytes).
    Removing stm32f4xx_usart.o(i.USART_ClockInit), (32 bytes).
    Removing stm32f4xx_usart.o(i.USART_ClockStructInit), (12 bytes).
    Removing stm32f4xx_usart.o(i.USART_DMACmd), (18 bytes).
    Removing stm32f4xx_usart.o(i.USART_DeInit), (240 bytes).
    Removing stm32f4xx_usart.o(i.USART_HalfDuplexCmd), (24 bytes).
    Removing stm32f4xx_usart.o(i.USART_IrDACmd), (24 bytes).
    Removing stm32f4xx_usart.o(i.USART_IrDAConfig), (18 bytes).
    Removing stm32f4xx_usart.o(i.USART_LINBreakDetectLengthConfig), (18 bytes).
    Removing stm32f4xx_usart.o(i.USART_LINCmd), (24 bytes).
    Removing stm32f4xx_usart.o(i.USART_OneBitMethodCmd), (24 bytes).
    Removing stm32f4xx_usart.o(i.USART_OverSampling8Cmd), (22 bytes).
    Removing stm32f4xx_usart.o(i.USART_ReceiverWakeUpCmd), (24 bytes).
    Removing stm32f4xx_usart.o(i.USART_SendBreak), (10 bytes).
    Removing stm32f4xx_usart.o(i.USART_SetAddress), (18 bytes).
    Removing stm32f4xx_usart.o(i.USART_SetGuardTime), (16 bytes).
    Removing stm32f4xx_usart.o(i.USART_SetPrescaler), (16 bytes).
    Removing stm32f4xx_usart.o(i.USART_SmartCardCmd), (24 bytes).
    Removing stm32f4xx_usart.o(i.USART_SmartCardNACKCmd), (24 bytes).
    Removing stm32f4xx_usart.o(i.USART_StructInit), (24 bytes).
    Removing stm32f4xx_usart.o(i.USART_WakeUpConfig), (18 bytes).
    Removing stm32f4xx_wwdg.o(.rev16_text), (4 bytes).
    Removing stm32f4xx_wwdg.o(.revsh_text), (4 bytes).
    Removing stm32f4xx_wwdg.o(.rrx_text), (6 bytes).
    Removing stm32f4xx_wwdg.o(i.WWDG_ClearFlag), (12 bytes).
    Removing stm32f4xx_wwdg.o(i.WWDG_DeInit), (22 bytes).
    Removing stm32f4xx_wwdg.o(i.WWDG_Enable), (16 bytes).
    Removing stm32f4xx_wwdg.o(i.WWDG_EnableIT), (12 bytes).
    Removing stm32f4xx_wwdg.o(i.WWDG_GetFlagStatus), (20 bytes).
    Removing stm32f4xx_wwdg.o(i.WWDG_SetCounter), (16 bytes).
    Removing stm32f4xx_wwdg.o(i.WWDG_SetPrescaler), (24 bytes).
    Removing stm32f4xx_wwdg.o(i.WWDG_SetWindowValue), (40 bytes).
    Removing main.o(.rev16_text), (4 bytes).
    Removing main.o(.revsh_text), (4 bytes).
    Removing main.o(.rrx_text), (6 bytes).
    Removing stm32f4xx_it.o(.rev16_text), (4 bytes).
    Removing stm32f4xx_it.o(.revsh_text), (4 bytes).
    Removing stm32f4xx_it.o(.rrx_text), (6 bytes).
    Removing cjson.o(i.cJSON_AddItemReferenceToArray), (24 bytes).
    Removing cjson.o(i.cJSON_AddItemReferenceToObject), (32 bytes).
    Removing cjson.o(i.cJSON_AddItemToObjectCS), (60 bytes).
    Removing cjson.o(i.cJSON_CreateArray), (18 bytes).
    Removing cjson.o(i.cJSON_CreateBool), (26 bytes).
    Removing cjson.o(i.cJSON_CreateDoubleArray), (74 bytes).
    Removing cjson.o(i.cJSON_CreateFalse), (18 bytes).
    Removing cjson.o(i.cJSON_CreateFloatArray), (96 bytes).
    Removing cjson.o(i.cJSON_CreateIntArray), (86 bytes).
    Removing cjson.o(i.cJSON_CreateNull), (18 bytes).
    Removing cjson.o(i.cJSON_CreateStringArray), (62 bytes).
    Removing cjson.o(i.cJSON_CreateTrue), (18 bytes).
    Removing cjson.o(i.cJSON_DeleteItemFromArray), (22 bytes).
    Removing cjson.o(i.cJSON_DeleteItemFromObject), (22 bytes).
    Removing cjson.o(i.cJSON_DetachItemFromArray), (66 bytes).
    Removing cjson.o(i.cJSON_DetachItemFromObject), (50 bytes).
    Removing cjson.o(i.cJSON_Duplicate), (172 bytes).
    Removing cjson.o(i.cJSON_GetArrayItem), (18 bytes).
    Removing cjson.o(i.cJSON_GetArraySize), (18 bytes).
    Removing cjson.o(i.cJSON_GetErrorPtr), (12 bytes).
    Removing cjson.o(i.cJSON_GetObjectItem), (30 bytes).
    Removing cjson.o(i.cJSON_InitHooks), (64 bytes).
    Removing cjson.o(i.cJSON_InsertItemInArray), (64 bytes).
    Removing cjson.o(i.cJSON_Minify), (186 bytes).
    Removing cjson.o(i.cJSON_Parse), (16 bytes).
    Removing cjson.o(i.cJSON_ParseWithOpts), (100 bytes).
    Removing cjson.o(i.cJSON_PrintBuffered), (44 bytes).
    Removing cjson.o(i.cJSON_PrintUnformatted), (18 bytes).
    Removing cjson.o(i.cJSON_ReplaceItemInArray), (76 bytes).
    Removing cjson.o(i.cJSON_ReplaceItemInObject), (62 bytes).
    Removing cjson.o(i.cJSON_strcasecmp), (76 bytes).
    Removing cjson.o(i.create_reference), (48 bytes).
    Removing cjson.o(i.parse_array), (172 bytes).
    Removing cjson.o(i.parse_hex4), (276 bytes).
    Removing cjson.o(i.parse_number), (456 bytes).
    Removing cjson.o(i.parse_object), (276 bytes).
    Removing cjson.o(i.parse_string), (460 bytes).
    Removing cjson.o(i.parse_value), (188 bytes).
    Removing cjson.o(i.skip), (18 bytes).
    Removing cjson.o(.constdata), (7 bytes).
    Removing common.o(.rev16_text), (4 bytes).
    Removing common.o(.revsh_text), (4 bytes).
    Removing common.o(.rrx_text), (6 bytes).
    Removing common.o(i.USART_printf), (262 bytes).
    Removing common.o(i.itoa), (98 bytes).
    Removing bsp_esp8266.o(.rev16_text), (4 bytes).
    Removing bsp_esp8266.o(.revsh_text), (4 bytes).
    Removing bsp_esp8266.o(.rrx_text), (6 bytes).
    Removing bsp_esp8266.o(i.ESP8266_AT_Test), (164 bytes).
    Removing bsp_esp8266.o(i.ESP8266_BuildAP), (72 bytes).
    Removing bsp_esp8266.o(i.ESP8266_Cmd), (220 bytes).
    Removing bsp_esp8266.o(i.ESP8266_DHCP_CUR), (56 bytes).
    Removing bsp_esp8266.o(i.ESP8266_Enable_MultipleId), (64 bytes).
    Removing bsp_esp8266.o(i.ESP8266_ExitUnvarnishSend), (40 bytes).
    Removing bsp_esp8266.o(i.ESP8266_GPIO_Config), (76 bytes).
    Removing bsp_esp8266.o(i.ESP8266_Get_IdLinkStatus), (232 bytes).
    Removing bsp_esp8266.o(i.ESP8266_Get_LinkStatus), (124 bytes).
    Removing bsp_esp8266.o(i.ESP8266_Init), (40 bytes).
    Removing bsp_esp8266.o(i.ESP8266_Inquire_ApIp), (108 bytes).
    Removing bsp_esp8266.o(i.ESP8266_JoinAP), (64 bytes).
    Removing bsp_esp8266.o(i.ESP8266_Link_Server), (192 bytes).
    Removing bsp_esp8266.o(i.ESP8266_Net_Mode_Choose), (120 bytes).
    Removing bsp_esp8266.o(i.ESP8266_ReceiveString), (100 bytes).
    Removing bsp_esp8266.o(i.ESP8266_Rst), (40 bytes).
    Removing bsp_esp8266.o(i.ESP8266_SendString), (156 bytes).
    Removing bsp_esp8266.o(i.ESP8266_StartOrShutServer), (144 bytes).
    Removing bsp_esp8266.o(i.ESP8266_USART_Config), (176 bytes).
    Removing bsp_esp8266.o(i.ESP8266_USART_NVIC_Configuration), (40 bytes).
    Removing bsp_esp8266.o(i.ESP8266_UnvarnishSend), (76 bytes).
    Removing bsp_esp8266.o(.bss), (2052 bytes).
    Removing bsp_esp8266_test.o(.rev16_text), (4 bytes).
    Removing bsp_esp8266_test.o(.revsh_text), (4 bytes).
    Removing bsp_esp8266_test.o(.rrx_text), (6 bytes).
    Removing bsp_esp8266_test.o(i.ESP8266_CheckRecvDataTest), (404 bytes).
    Removing bsp_esp8266_test.o(i.ESP8266_StaTcpClient_Unvarnish_ConfigTest), (440 bytes).
    Removing bsp_esp8266_test.o(i.Get_ESP82666_Cmd), (224 bytes).
    Removing bsp_esp8266_test.o(.conststring), (91 bytes).
    Removing bsp_esp8266_test.o(.data), (33 bytes).
    Removing bsp_led.o(.rev16_text), (4 bytes).
    Removing bsp_led.o(.revsh_text), (4 bytes).
    Removing bsp_led.o(.rrx_text), (6 bytes).
    Removing bsp_debug_usart.o(.rev16_text), (4 bytes).
    Removing bsp_debug_usart.o(.revsh_text), (4 bytes).
    Removing bsp_debug_usart.o(.rrx_text), (6 bytes).
    Removing bsp_debug_usart.o(i.fgetc), (32 bytes).
    Removing core_delay.o(.rev16_text), (4 bytes).
    Removing core_delay.o(.revsh_text), (4 bytes).
    Removing core_delay.o(.rrx_text), (6 bytes).
    Removing bsp_adc.o(.rev16_text), (4 bytes).
    Removing bsp_adc.o(.revsh_text), (4 bytes).
    Removing bsp_adc.o(.rrx_text), (6 bytes).
    Removing bsp_json.o(.rev16_text), (4 bytes).
    Removing bsp_json.o(.revsh_text), (4 bytes).
    Removing bsp_json.o(.rrx_text), (6 bytes).
    Removing dneg.o(.text), (6 bytes).
    Removing dscalb.o(.text), (46 bytes).
    Removing dsqrt.o(.text), (162 bytes).

913 unused section(s) (total 44769 bytes) removed from the image.

==============================================================================

Image Symbol Table

    Local Symbols

    Symbol Name                              Value     Ov Type        Size  Object(Section)

    ../clib/microlib/ctype/tolower.c         0x00000000   Number         0  tolower.o ABSOLUTE
    ../clib/microlib/division.c              0x00000000   Number         0  uldiv.o ABSOLUTE
    ../clib/microlib/division.c              0x00000000   Number         0  uidiv.o ABSOLUTE
    ../clib/microlib/errno.c                 0x00000000   Number         0  errno.o ABSOLUTE
    ../clib/microlib/init/entry.s            0x00000000   Number         0  entry.o ABSOLUTE
    ../clib/microlib/init/entry.s            0x00000000   Number         0  entry2.o ABSOLUTE
    ../clib/microlib/init/entry.s            0x00000000   Number         0  entry7a.o ABSOLUTE
    ../clib/microlib/init/entry.s            0x00000000   Number         0  entry7b.o ABSOLUTE
    ../clib/microlib/init/entry.s            0x00000000   Number         0  entry8a.o ABSOLUTE
    ../clib/microlib/init/entry.s            0x00000000   Number         0  entry9b.o ABSOLUTE
    ../clib/microlib/init/entry.s            0x00000000   Number         0  entry8b.o ABSOLUTE
    ../clib/microlib/init/entry.s            0x00000000   Number         0  entry5.o ABSOLUTE
    ../clib/microlib/init/entry.s            0x00000000   Number         0  entry9a.o ABSOLUTE
    ../clib/microlib/init/entry.s            0x00000000   Number         0  entry10a.o ABSOLUTE
    ../clib/microlib/init/entry.s            0x00000000   Number         0  entry10b.o ABSOLUTE
    ../clib/microlib/init/entry.s            0x00000000   Number         0  entry11a.o ABSOLUTE
    ../clib/microlib/init/entry.s            0x00000000   Number         0  entry11b.o ABSOLUTE
    ../clib/microlib/init/entry.s            0x00000000   Number         0  entry12a.o ABSOLUTE
    ../clib/microlib/init/entry.s            0x00000000   Number         0  entry12b.o ABSOLUTE
    ../clib/microlib/longlong.c              0x00000000   Number         0  llshl.o ABSOLUTE
    ../clib/microlib/longlong.c              0x00000000   Number         0  llushr.o ABSOLUTE
    ../clib/microlib/longlong.c              0x00000000   Number         0  llsshr.o ABSOLUTE
    ../clib/microlib/malloc/malloc.c         0x00000000   Number         0  mallocr.o ABSOLUTE
    ../clib/microlib/malloc/malloc.c         0x00000000   Number         0  malloca.o ABSOLUTE
    ../clib/microlib/malloc/malloc.c         0x00000000   Number         0  mallocra.o ABSOLUTE
    ../clib/microlib/malloc/malloc.c         0x00000000   Number         0  malloc.o ABSOLUTE
    ../clib/microlib/malloc/mvars.c          0x00000000   Number         0  mvars.o ABSOLUTE
    ../clib/microlib/printf/printf.c         0x00000000   Number         0  printf6.o ABSOLUTE
    ../clib/microlib/printf/printf.c         0x00000000   Number         0  printf5.o ABSOLUTE
    ../clib/microlib/printf/printf.c         0x00000000   Number         0  printf4.o ABSOLUTE
    ../clib/microlib/printf/printf.c         0x00000000   Number         0  printf3.o ABSOLUTE
    ../clib/microlib/printf/printf.c         0x00000000   Number         0  printf2.o ABSOLUTE
    ../clib/microlib/printf/printf.c         0x00000000   Number         0  printf1.o ABSOLUTE
    ../clib/microlib/printf/printf.c         0x00000000   Number         0  printf0.o ABSOLUTE
    ../clib/microlib/printf/printf.c         0x00000000   Number         0  printf7.o ABSOLUTE
    ../clib/microlib/printf/printf.c         0x00000000   Number         0  printfb.o ABSOLUTE
    ../clib/microlib/printf/printf.c         0x00000000   Number         0  printfa.o ABSOLUTE
    ../clib/microlib/printf/printf.c         0x00000000   Number         0  printf8.o ABSOLUTE
    ../clib/microlib/printf/stubs.s          0x00000000   Number         0  stubs.o ABSOLUTE
    ../clib/microlib/stdio/streams.c         0x00000000   Number         0  stdout.o ABSOLUTE
    ../clib/microlib/string/memcpy.c         0x00000000   Number         0  memcpyb.o ABSOLUTE
    ../clib/microlib/string/memcpy.c         0x00000000   Number         0  memcpya.o ABSOLUTE
    ../clib/microlib/string/memset.c         0x00000000   Number         0  memseta.o ABSOLUTE
    ../clib/microlib/string/strchr.c         0x00000000   Number         0  strchr.o ABSOLUTE
    ../clib/microlib/string/strcpy.c         0x00000000   Number         0  strcpy.o ABSOLUTE
    ../clib/microlib/string/strlen.c         0x00000000   Number         0  strlen.o ABSOLUTE
    ../clib/microlib/string/strncmp.c        0x00000000   Number         0  strncmp.o ABSOLUTE
    ../clib/microlib/string/strstr.c         0x00000000   Number         0  strstr.o ABSOLUTE
    ../clib/microlib/stubs.s                 0x00000000   Number         0  iusefp.o ABSOLUTE
    ../fplib/microlib/f2d.c                  0x00000000   Number         0  f2d.o ABSOLUTE
    ../fplib/microlib/fpadd.c                0x00000000   Number         0  dadd.o ABSOLUTE
    ../fplib/microlib/fpdiv.c                0x00000000   Number         0  ddiv.o ABSOLUTE
    ../fplib/microlib/fpepilogue.c           0x00000000   Number         0  depilogue.o ABSOLUTE
    ../fplib/microlib/fpfix.c                0x00000000   Number         0  dfixi.o ABSOLUTE
    ../fplib/microlib/fpfix.c                0x00000000   Number         0  dfixul.o ABSOLUTE
    ../fplib/microlib/fpflt.c                0x00000000   Number         0  dfltui.o ABSOLUTE
    ../fplib/microlib/fpflt.c                0x00000000   Number         0  dflti.o ABSOLUTE
    ../fplib/microlib/fpmul.c                0x00000000   Number         0  dmul.o ABSOLUTE
    ../fplib/microlib/fpneg.c                0x00000000   Number         0  dneg.o ABSOLUTE
    ../fplib/microlib/fpscalb.c              0x00000000   Number         0  dscalb.o ABSOLUTE
    ../fplib/microlib/fpsqrt.c               0x00000000   Number         0  dsqrt.o ABSOLUTE
    ../mathlib/dunder.c                      0x00000000   Number         0  dunder.o ABSOLUTE
    ../mathlib/fabs.c                        0x00000000   Number         0  fabs.o ABSOLUTE
    ../mathlib/floor.c                       0x00000000   Number         0  floor.o ABSOLUTE
    ../mathlib/fpclassify.c                  0x00000000   Number         0  fpclassify.o ABSOLUTE
    ../mathlib/poly.c                        0x00000000   Number         0  poly.o ABSOLUTE
    ../mathlib/pow.c                         0x00000000   Number         0  pow.o ABSOLUTE
    ../mathlib/pow.c                         0x00000000   Number         0  pow_x.o ABSOLUTE
    ../mathlib/qnan.c                        0x00000000   Number         0  qnan.o ABSOLUTE
    ../mathlib/sqrt.c                        0x00000000   Number         0  sqrt_x.o ABSOLUTE
    ../mathlib/sqrt.c                        0x00000000   Number         0  sqrt.o ABSOLUTE
    ..\Libraries\CMSIS\Device\ST\STM32F4xx\Source\Templates\arm\startup_stm32f40_41xxx.s 0x00000000   Number         0  startup_stm32f40_41xxx.o ABSOLUTE
    ..\Libraries\CMSIS\Device\ST\STM32F4xx\Source\Templates\system_stm32f4xx.c 0x00000000   Number         0  system_stm32f4xx.o ABSOLUTE
    ..\Libraries\STM32F4xx_StdPeriph_Driver\src\misc.c 0x00000000   Number         0  misc.o ABSOLUTE
    ..\Libraries\STM32F4xx_StdPeriph_Driver\src\stm32f4xx_adc.c 0x00000000   Number         0  stm32f4xx_adc.o ABSOLUTE
    ..\Libraries\STM32F4xx_StdPeriph_Driver\src\stm32f4xx_can.c 0x00000000   Number         0  stm32f4xx_can.o ABSOLUTE
    ..\Libraries\STM32F4xx_StdPeriph_Driver\src\stm32f4xx_cec.c 0x00000000   Number         0  stm32f4xx_cec.o ABSOLUTE
    ..\Libraries\STM32F4xx_StdPeriph_Driver\src\stm32f4xx_crc.c 0x00000000   Number         0  stm32f4xx_crc.o ABSOLUTE
    ..\Libraries\STM32F4xx_StdPeriph_Driver\src\stm32f4xx_cryp.c 0x00000000   Number         0  stm32f4xx_cryp.o ABSOLUTE
    ..\Libraries\STM32F4xx_StdPeriph_Driver\src\stm32f4xx_cryp_aes.c 0x00000000   Number         0  stm32f4xx_cryp_aes.o ABSOLUTE
    ..\Libraries\STM32F4xx_StdPeriph_Driver\src\stm32f4xx_cryp_des.c 0x00000000   Number         0  stm32f4xx_cryp_des.o ABSOLUTE
    ..\Libraries\STM32F4xx_StdPeriph_Driver\src\stm32f4xx_cryp_tdes.c 0x00000000   Number         0  stm32f4xx_cryp_tdes.o ABSOLUTE
    ..\Libraries\STM32F4xx_StdPeriph_Driver\src\stm32f4xx_dac.c 0x00000000   Number         0  stm32f4xx_dac.o ABSOLUTE
    ..\Libraries\STM32F4xx_StdPeriph_Driver\src\stm32f4xx_dbgmcu.c 0x00000000   Number         0  stm32f4xx_dbgmcu.o ABSOLUTE
    ..\Libraries\STM32F4xx_StdPeriph_Driver\src\stm32f4xx_dcmi.c 0x00000000   Number         0  stm32f4xx_dcmi.o ABSOLUTE
    ..\Libraries\STM32F4xx_StdPeriph_Driver\src\stm32f4xx_dfsdm.c 0x00000000   Number         0  stm32f4xx_dfsdm.o ABSOLUTE
    ..\Libraries\STM32F4xx_StdPeriph_Driver\src\stm32f4xx_dma.c 0x00000000   Number         0  stm32f4xx_dma.o ABSOLUTE
    ..\Libraries\STM32F4xx_StdPeriph_Driver\src\stm32f4xx_dma2d.c 0x00000000   Number         0  stm32f4xx_dma2d.o ABSOLUTE
    ..\Libraries\STM32F4xx_StdPeriph_Driver\src\stm32f4xx_dsi.c 0x00000000   Number         0  stm32f4xx_dsi.o ABSOLUTE
    ..\Libraries\STM32F4xx_StdPeriph_Driver\src\stm32f4xx_exti.c 0x00000000   Number         0  stm32f4xx_exti.o ABSOLUTE
    ..\Libraries\STM32F4xx_StdPeriph_Driver\src\stm32f4xx_flash.c 0x00000000   Number         0  stm32f4xx_flash.o ABSOLUTE
    ..\Libraries\STM32F4xx_StdPeriph_Driver\src\stm32f4xx_flash_ramfunc.c 0x00000000   Number         0  stm32f4xx_flash_ramfunc.o ABSOLUTE
    ..\Libraries\STM32F4xx_StdPeriph_Driver\src\stm32f4xx_fmpi2c.c 0x00000000   Number         0  stm32f4xx_fmpi2c.o ABSOLUTE
    ..\Libraries\STM32F4xx_StdPeriph_Driver\src\stm32f4xx_fsmc.c 0x00000000   Number         0  stm32f4xx_fsmc.o ABSOLUTE
    ..\Libraries\STM32F4xx_StdPeriph_Driver\src\stm32f4xx_gpio.c 0x00000000   Number         0  stm32f4xx_gpio.o ABSOLUTE
    ..\Libraries\STM32F4xx_StdPeriph_Driver\src\stm32f4xx_hash.c 0x00000000   Number         0  stm32f4xx_hash.o ABSOLUTE
    ..\Libraries\STM32F4xx_StdPeriph_Driver\src\stm32f4xx_hash_md5.c 0x00000000   Number         0  stm32f4xx_hash_md5.o ABSOLUTE
    ..\Libraries\STM32F4xx_StdPeriph_Driver\src\stm32f4xx_hash_sha1.c 0x00000000   Number         0  stm32f4xx_hash_sha1.o ABSOLUTE
    ..\Libraries\STM32F4xx_StdPeriph_Driver\src\stm32f4xx_i2c.c 0x00000000   Number         0  stm32f4xx_i2c.o ABSOLUTE
    ..\Libraries\STM32F4xx_StdPeriph_Driver\src\stm32f4xx_iwdg.c 0x00000000   Number         0  stm32f4xx_iwdg.o ABSOLUTE
    ..\Libraries\STM32F4xx_StdPeriph_Driver\src\stm32f4xx_lptim.c 0x00000000   Number         0  stm32f4xx_lptim.o ABSOLUTE
    ..\Libraries\STM32F4xx_StdPeriph_Driver\src\stm32f4xx_ltdc.c 0x00000000   Number         0  stm32f4xx_ltdc.o ABSOLUTE
    ..\Libraries\STM32F4xx_StdPeriph_Driver\src\stm32f4xx_pwr.c 0x00000000   Number         0  stm32f4xx_pwr.o ABSOLUTE
    ..\Libraries\STM32F4xx_StdPeriph_Driver\src\stm32f4xx_qspi.c 0x00000000   Number         0  stm32f4xx_qspi.o ABSOLUTE
    ..\Libraries\STM32F4xx_StdPeriph_Driver\src\stm32f4xx_rcc.c 0x00000000   Number         0  stm32f4xx_rcc.o ABSOLUTE
    ..\Libraries\STM32F4xx_StdPeriph_Driver\src\stm32f4xx_rng.c 0x00000000   Number         0  stm32f4xx_rng.o ABSOLUTE
    ..\Libraries\STM32F4xx_StdPeriph_Driver\src\stm32f4xx_rtc.c 0x00000000   Number         0  stm32f4xx_rtc.o ABSOLUTE
    ..\Libraries\STM32F4xx_StdPeriph_Driver\src\stm32f4xx_sai.c 0x00000000   Number         0  stm32f4xx_sai.o ABSOLUTE
    ..\Libraries\STM32F4xx_StdPeriph_Driver\src\stm32f4xx_sdio.c 0x00000000   Number         0  stm32f4xx_sdio.o ABSOLUTE
    ..\Libraries\STM32F4xx_StdPeriph_Driver\src\stm32f4xx_spdifrx.c 0x00000000   Number         0  stm32f4xx_spdifrx.o ABSOLUTE
    ..\Libraries\STM32F4xx_StdPeriph_Driver\src\stm32f4xx_spi.c 0x00000000   Number         0  stm32f4xx_spi.o ABSOLUTE
    ..\Libraries\STM32F4xx_StdPeriph_Driver\src\stm32f4xx_syscfg.c 0x00000000   Number         0  stm32f4xx_syscfg.o ABSOLUTE
    ..\Libraries\STM32F4xx_StdPeriph_Driver\src\stm32f4xx_tim.c 0x00000000   Number         0  stm32f4xx_tim.o ABSOLUTE
    ..\Libraries\STM32F4xx_StdPeriph_Driver\src\stm32f4xx_usart.c 0x00000000   Number         0  stm32f4xx_usart.o ABSOLUTE
    ..\Libraries\STM32F4xx_StdPeriph_Driver\src\stm32f4xx_wwdg.c 0x00000000   Number         0  stm32f4xx_wwdg.o ABSOLUTE
    ..\\Libraries\\CMSIS\\Device\\ST\\STM32F4xx\\Source\\Templates\\system_stm32f4xx.c 0x00000000   Number         0  system_stm32f4xx.o ABSOLUTE
    ..\\Libraries\\STM32F4xx_StdPeriph_Driver\\src\\misc.c 0x00000000   Number         0  misc.o ABSOLUTE
    ..\\Libraries\\STM32F4xx_StdPeriph_Driver\\src\\stm32f4xx_adc.c 0x00000000   Number         0  stm32f4xx_adc.o ABSOLUTE
    ..\\Libraries\\STM32F4xx_StdPeriph_Driver\\src\\stm32f4xx_can.c 0x00000000   Number         0  stm32f4xx_can.o ABSOLUTE
    ..\\Libraries\\STM32F4xx_StdPeriph_Driver\\src\\stm32f4xx_cec.c 0x00000000   Number         0  stm32f4xx_cec.o ABSOLUTE
    ..\\Libraries\\STM32F4xx_StdPeriph_Driver\\src\\stm32f4xx_crc.c 0x00000000   Number         0  stm32f4xx_crc.o ABSOLUTE
    ..\\Libraries\\STM32F4xx_StdPeriph_Driver\\src\\stm32f4xx_cryp.c 0x00000000   Number         0  stm32f4xx_cryp.o ABSOLUTE
    ..\\Libraries\\STM32F4xx_StdPeriph_Driver\\src\\stm32f4xx_cryp_aes.c 0x00000000   Number         0  stm32f4xx_cryp_aes.o ABSOLUTE
    ..\\Libraries\\STM32F4xx_StdPeriph_Driver\\src\\stm32f4xx_cryp_des.c 0x00000000   Number         0  stm32f4xx_cryp_des.o ABSOLUTE
    ..\\Libraries\\STM32F4xx_StdPeriph_Driver\\src\\stm32f4xx_cryp_tdes.c 0x00000000   Number         0  stm32f4xx_cryp_tdes.o ABSOLUTE
    ..\\Libraries\\STM32F4xx_StdPeriph_Driver\\src\\stm32f4xx_dac.c 0x00000000   Number         0  stm32f4xx_dac.o ABSOLUTE
    ..\\Libraries\\STM32F4xx_StdPeriph_Driver\\src\\stm32f4xx_dbgmcu.c 0x00000000   Number         0  stm32f4xx_dbgmcu.o ABSOLUTE
    ..\\Libraries\\STM32F4xx_StdPeriph_Driver\\src\\stm32f4xx_dcmi.c 0x00000000   Number         0  stm32f4xx_dcmi.o ABSOLUTE
    ..\\Libraries\\STM32F4xx_StdPeriph_Driver\\src\\stm32f4xx_dfsdm.c 0x00000000   Number         0  stm32f4xx_dfsdm.o ABSOLUTE
    ..\\Libraries\\STM32F4xx_StdPeriph_Driver\\src\\stm32f4xx_dma.c 0x00000000   Number         0  stm32f4xx_dma.o ABSOLUTE
    ..\\Libraries\\STM32F4xx_StdPeriph_Driver\\src\\stm32f4xx_dma2d.c 0x00000000   Number         0  stm32f4xx_dma2d.o ABSOLUTE
    ..\\Libraries\\STM32F4xx_StdPeriph_Driver\\src\\stm32f4xx_dsi.c 0x00000000   Number         0  stm32f4xx_dsi.o ABSOLUTE
    ..\\Libraries\\STM32F4xx_StdPeriph_Driver\\src\\stm32f4xx_exti.c 0x00000000   Number         0  stm32f4xx_exti.o ABSOLUTE
    ..\\Libraries\\STM32F4xx_StdPeriph_Driver\\src\\stm32f4xx_flash.c 0x00000000   Number         0  stm32f4xx_flash.o ABSOLUTE
    ..\\Libraries\\STM32F4xx_StdPeriph_Driver\\src\\stm32f4xx_flash_ramfunc.c 0x00000000   Number         0  stm32f4xx_flash_ramfunc.o ABSOLUTE
    ..\\Libraries\\STM32F4xx_StdPeriph_Driver\\src\\stm32f4xx_fmpi2c.c 0x00000000   Number         0  stm32f4xx_fmpi2c.o ABSOLUTE
    ..\\Libraries\\STM32F4xx_StdPeriph_Driver\\src\\stm32f4xx_fsmc.c 0x00000000   Number         0  stm32f4xx_fsmc.o ABSOLUTE
    ..\\Libraries\\STM32F4xx_StdPeriph_Driver\\src\\stm32f4xx_gpio.c 0x00000000   Number         0  stm32f4xx_gpio.o ABSOLUTE
    ..\\Libraries\\STM32F4xx_StdPeriph_Driver\\src\\stm32f4xx_hash.c 0x00000000   Number         0  stm32f4xx_hash.o ABSOLUTE
    ..\\Libraries\\STM32F4xx_StdPeriph_Driver\\src\\stm32f4xx_hash_md5.c 0x00000000   Number         0  stm32f4xx_hash_md5.o ABSOLUTE
    ..\\Libraries\\STM32F4xx_StdPeriph_Driver\\src\\stm32f4xx_hash_sha1.c 0x00000000   Number         0  stm32f4xx_hash_sha1.o ABSOLUTE
    ..\\Libraries\\STM32F4xx_StdPeriph_Driver\\src\\stm32f4xx_i2c.c 0x00000000   Number         0  stm32f4xx_i2c.o ABSOLUTE
    ..\\Libraries\\STM32F4xx_StdPeriph_Driver\\src\\stm32f4xx_iwdg.c 0x00000000   Number         0  stm32f4xx_iwdg.o ABSOLUTE
    ..\\Libraries\\STM32F4xx_StdPeriph_Driver\\src\\stm32f4xx_lptim.c 0x00000000   Number         0  stm32f4xx_lptim.o ABSOLUTE
    ..\\Libraries\\STM32F4xx_StdPeriph_Driver\\src\\stm32f4xx_ltdc.c 0x00000000   Number         0  stm32f4xx_ltdc.o ABSOLUTE
    ..\\Libraries\\STM32F4xx_StdPeriph_Driver\\src\\stm32f4xx_pwr.c 0x00000000   Number         0  stm32f4xx_pwr.o ABSOLUTE
    ..\\Libraries\\STM32F4xx_StdPeriph_Driver\\src\\stm32f4xx_qspi.c 0x00000000   Number         0  stm32f4xx_qspi.o ABSOLUTE
    ..\\Libraries\\STM32F4xx_StdPeriph_Driver\\src\\stm32f4xx_rcc.c 0x00000000   Number         0  stm32f4xx_rcc.o ABSOLUTE
    ..\\Libraries\\STM32F4xx_StdPeriph_Driver\\src\\stm32f4xx_rng.c 0x00000000   Number         0  stm32f4xx_rng.o ABSOLUTE
    ..\\Libraries\\STM32F4xx_StdPeriph_Driver\\src\\stm32f4xx_rtc.c 0x00000000   Number         0  stm32f4xx_rtc.o ABSOLUTE
    ..\\Libraries\\STM32F4xx_StdPeriph_Driver\\src\\stm32f4xx_sai.c 0x00000000   Number         0  stm32f4xx_sai.o ABSOLUTE
    ..\\Libraries\\STM32F4xx_StdPeriph_Driver\\src\\stm32f4xx_sdio.c 0x00000000   Number         0  stm32f4xx_sdio.o ABSOLUTE
    ..\\Libraries\\STM32F4xx_StdPeriph_Driver\\src\\stm32f4xx_spdifrx.c 0x00000000   Number         0  stm32f4xx_spdifrx.o ABSOLUTE
    ..\\Libraries\\STM32F4xx_StdPeriph_Driver\\src\\stm32f4xx_spi.c 0x00000000   Number         0  stm32f4xx_spi.o ABSOLUTE
    ..\\Libraries\\STM32F4xx_StdPeriph_Driver\\src\\stm32f4xx_syscfg.c 0x00000000   Number         0  stm32f4xx_syscfg.o ABSOLUTE
    ..\\Libraries\\STM32F4xx_StdPeriph_Driver\\src\\stm32f4xx_tim.c 0x00000000   Number         0  stm32f4xx_tim.o ABSOLUTE
    ..\\Libraries\\STM32F4xx_StdPeriph_Driver\\src\\stm32f4xx_usart.c 0x00000000   Number         0  stm32f4xx_usart.o ABSOLUTE
    ..\\Libraries\\STM32F4xx_StdPeriph_Driver\\src\\stm32f4xx_wwdg.c 0x00000000   Number         0  stm32f4xx_wwdg.o ABSOLUTE
    ..\\usr\\ADC\\bsp_adc.c                  0x00000000   Number         0  bsp_adc.o ABSOLUTE
    ..\\usr\\Common\\Common.c                0x00000000   Number         0  common.o ABSOLUTE
    ..\\usr\\ESP8266\\bsp_esp8266.c          0x00000000   Number         0  bsp_esp8266.o ABSOLUTE
    ..\\usr\\ESP8266\\bsp_esp8266_test.c     0x00000000   Number         0  bsp_esp8266_test.o ABSOLUTE
    ..\\usr\\cJSON\\bsp_json.c               0x00000000   Number         0  bsp_json.o ABSOLUTE
    ..\\usr\\dwt_delay\\core_delay.c         0x00000000   Number         0  core_delay.o ABSOLUTE
    ..\\usr\\led\\bsp_led.c                  0x00000000   Number         0  bsp_led.o ABSOLUTE
    ..\\usr\\main.c                          0x00000000   Number         0  main.o ABSOLUTE
    ..\\usr\\stm32f4xx_it.c                  0x00000000   Number         0  stm32f4xx_it.o ABSOLUTE
    ..\\usr\\usart\\bsp_debug_usart.c        0x00000000   Number         0  bsp_debug_usart.o ABSOLUTE
    ..\usr\ADC\bsp_adc.c                     0x00000000   Number         0  bsp_adc.o ABSOLUTE
    ..\usr\Common\Common.c                   0x00000000   Number         0  common.o ABSOLUTE
    ..\usr\ESP8266\bsp_esp8266.c             0x00000000   Number         0  bsp_esp8266.o ABSOLUTE
    ..\usr\ESP8266\bsp_esp8266_test.c        0x00000000   Number         0  bsp_esp8266_test.o ABSOLUTE
    ..\usr\HTTP\bsp_HTTP.c                   0x00000000   Number         0  bsp_http.o ABSOLUTE
    ..\usr\cJSON\bsp_json.c                  0x00000000   Number         0  bsp_json.o ABSOLUTE
    ..\usr\cJSON\cJSON.c                     0x00000000   Number         0  cjson.o ABSOLUTE
    ..\usr\dwt_delay\core_delay.c            0x00000000   Number         0  core_delay.o ABSOLUTE
    ..\usr\led\bsp_led.c                     0x00000000   Number         0  bsp_led.o ABSOLUTE
    ..\usr\main.c                            0x00000000   Number         0  main.o ABSOLUTE
    ..\usr\stm32f4xx_it.c                    0x00000000   Number         0  stm32f4xx_it.o ABSOLUTE
    ..\usr\usart\bsp_debug_usart.c           0x00000000   Number         0  bsp_debug_usart.o ABSOLUTE
    cdcmple.s                                0x00000000   Number         0  cdcmple.o ABSOLUTE
    cdrcmple.s                               0x00000000   Number         0  cdrcmple.o ABSOLUTE
    dc.s                                     0x00000000   Number         0  dc.o ABSOLUTE
    handlers.s                               0x00000000   Number         0  handlers.o ABSOLUTE
    init.s                                   0x00000000   Number         0  init.o ABSOLUTE
    RESET                                    0x08000000   Section      392  startup_stm32f40_41xxx.o(RESET)
    .ARM.Collect$$$$00000000                 0x08000188   Section        0  entry.o(.ARM.Collect$$$$00000000)
    .ARM.Collect$$$$00000001                 0x08000188   Section        4  entry2.o(.ARM.Collect$$$$00000001)
    .ARM.Collect$$$$00000004                 0x0800018c   Section        4  entry5.o(.ARM.Collect$$$$00000004)
    .ARM.Collect$$$$00000008                 0x08000190   Section        0  entry7b.o(.ARM.Collect$$$$00000008)
    .ARM.Collect$$$$0000000A                 0x08000190   Section        0  entry8b.o(.ARM.Collect$$$$0000000A)
    .ARM.Collect$$$$0000000B                 0x08000190   Section        8  entry9a.o(.ARM.Collect$$$$0000000B)
    .ARM.Collect$$$$0000000E                 0x08000198   Section        4  entry12b.o(.ARM.Collect$$$$0000000E)
    .ARM.Collect$$$$0000000F                 0x0800019c   Section        0  entry10a.o(.ARM.Collect$$$$0000000F)
    .ARM.Collect$$$$00000011                 0x0800019c   Section        0  entry11a.o(.ARM.Collect$$$$00000011)
    .ARM.Collect$$$$00002712                 0x0800019c   Section        4  entry2.o(.ARM.Collect$$$$00002712)
    __lit__00000000                          0x0800019c   Data           4  entry2.o(.ARM.Collect$$$$00002712)
    .text                                    0x080001a0   Section       36  startup_stm32f40_41xxx.o(.text)
    $v0                                      0x080001a0   Number         0  startup_stm32f40_41xxx.o(.text)
    .text                                    0x080001c4   Section        0  memcpya.o(.text)
    .text                                    0x080001e8   Section        0  memseta.o(.text)
    .text                                    0x0800020c   Section        0  strchr.o(.text)
    .text                                    0x08000220   Section        0  strlen.o(.text)
    .text                                    0x0800022e   Section        0  strcpy.o(.text)
    .text                                    0x08000240   Section        0  dadd.o(.text)
    .text                                    0x0800038e   Section        0  dmul.o(.text)
    .text                                    0x08000472   Section        0  dflti.o(.text)
    .text                                    0x08000494   Section        0  dfltui.o(.text)
    .text                                    0x080004ae   Section        0  dfixi.o(.text)
    .text                                    0x080004ec   Section        0  f2d.o(.text)
    .text                                    0x08000514   Section       48  cdcmple.o(.text)
    .text                                    0x08000544   Section       48  cdrcmple.o(.text)
    .text                                    0x08000574   Section        0  uidiv.o(.text)
    .text                                    0x080005a0   Section        0  uldiv.o(.text)
    .text                                    0x08000602   Section        0  llshl.o(.text)
    .text                                    0x08000620   Section        0  llushr.o(.text)
    .text                                    0x08000640   Section        0  llsshr.o(.text)
    .text                                    0x08000664   Section        0  iusefp.o(.text)
    .text                                    0x08000664   Section        0  depilogue.o(.text)
    .text                                    0x0800071e   Section        0  ddiv.o(.text)
    .text                                    0x080007fc   Section        0  dfixul.o(.text)
    .text                                    0x0800082c   Section       36  init.o(.text)
    i.ADC_Cmd                                0x08000850   Section        0  stm32f4xx_adc.o(i.ADC_Cmd)
    i.ADC_CommonInit                         0x08000868   Section        0  stm32f4xx_adc.o(i.ADC_CommonInit)
    i.ADC_DMACmd                             0x08000898   Section        0  stm32f4xx_adc.o(i.ADC_DMACmd)
    i.ADC_DMARequestAfterLastTransferCmd     0x080008ae   Section        0  stm32f4xx_adc.o(i.ADC_DMARequestAfterLastTransferCmd)
    i.ADC_Init                               0x080008c4   Section        0  stm32f4xx_adc.o(i.ADC_Init)
    i.ADC_RegularChannelConfig               0x08000918   Section        0  stm32f4xx_adc.o(i.ADC_RegularChannelConfig)
    i.ADC_SoftwareStartConv                  0x080009d0   Section        0  stm32f4xx_adc.o(i.ADC_SoftwareStartConv)
    i.ADC_StructInit                         0x080009da   Section        0  stm32f4xx_adc.o(i.ADC_StructInit)
    i.BusFault_Handler                       0x080009ee   Section        0  stm32f4xx_it.o(i.BusFault_Handler)
    i.CPU_TS_TmrInit                         0x080009f4   Section        0  core_delay.o(i.CPU_TS_TmrInit)
    i.CPU_TS_TmrRd                           0x08000a1c   Section        0  core_delay.o(i.CPU_TS_TmrRd)
    i.CPU_TS_Tmr_Delay_US                    0x08000a28   Section        0  core_delay.o(i.CPU_TS_Tmr_Delay_US)
    i.DMA_Cmd                                0x08000a78   Section        0  stm32f4xx_dma.o(i.DMA_Cmd)
    i.DMA_Init                               0x08000a90   Section        0  stm32f4xx_dma.o(i.DMA_Init)
    i.DebugMon_Handler                       0x08000ae8   Section        0  stm32f4xx_it.o(i.DebugMon_Handler)
    i.Debug_USART_Config                     0x08000aec   Section        0  bsp_debug_usart.o(i.Debug_USART_Config)
    i.GPIO_Init                              0x08000b94   Section        0  stm32f4xx_gpio.o(i.GPIO_Init)
    i.GPIO_PinAFConfig                       0x08000c24   Section        0  stm32f4xx_gpio.o(i.GPIO_PinAFConfig)
    i.HardFault_Handler                      0x08000c6a   Section        0  stm32f4xx_it.o(i.HardFault_Handler)
    i.JSONPack                               0x08000c70   Section        0  bsp_json.o(i.JSONPack)
    i.LED_GPIO_Config                        0x08000d54   Section        0  bsp_led.o(i.LED_GPIO_Config)
    i.MemManage_Handler                      0x08000db4   Section        0  stm32f4xx_it.o(i.MemManage_Handler)
    i.NMI_Handler                            0x08000db8   Section        0  stm32f4xx_it.o(i.NMI_Handler)
    i.NVIC_Configuration                     0x08000dba   Section        0  bsp_debug_usart.o(i.NVIC_Configuration)
    NVIC_Configuration                       0x08000dbb   Thumb Code    38  bsp_debug_usart.o(i.NVIC_Configuration)
    i.NVIC_Init                              0x08000de0   Section        0  misc.o(i.NVIC_Init)
    i.NVIC_PriorityGroupConfig               0x08000e58   Section        0  misc.o(i.NVIC_PriorityGroupConfig)
    i.PendSV_Handler                         0x08000e6c   Section        0  stm32f4xx_it.o(i.PendSV_Handler)
    i.RCC_AHB1PeriphClockCmd                 0x08000e70   Section        0  stm32f4xx_rcc.o(i.RCC_AHB1PeriphClockCmd)
    i.RCC_APB2PeriphClockCmd                 0x08000e90   Section        0  stm32f4xx_rcc.o(i.RCC_APB2PeriphClockCmd)
    i.RCC_GetClocksFreq                      0x08000eb0   Section        0  stm32f4xx_rcc.o(i.RCC_GetClocksFreq)
    i.Rheostat_ADC_GPIO_Config               0x08000f98   Section        0  bsp_adc.o(i.Rheostat_ADC_GPIO_Config)
    Rheostat_ADC_GPIO_Config                 0x08000f99   Thumb Code    36  bsp_adc.o(i.Rheostat_ADC_GPIO_Config)
    i.Rheostat_ADC_Mode_Config               0x08000fc0   Section        0  bsp_adc.o(i.Rheostat_ADC_Mode_Config)
    Rheostat_ADC_Mode_Config                 0x08000fc1   Thumb Code   214  bsp_adc.o(i.Rheostat_ADC_Mode_Config)
    i.Rheostat_Init                          0x080010a4   Section        0  bsp_adc.o(i.Rheostat_Init)
    i.SVC_Handler                            0x080010b0   Section        0  stm32f4xx_it.o(i.SVC_Handler)
    i.SetSysClock                            0x080010b4   Section        0  system_stm32f4xx.o(i.SetSysClock)
    SetSysClock                              0x080010b5   Thumb Code   220  system_stm32f4xx.o(i.SetSysClock)
    i.SysTick_Handler                        0x080011a0   Section        0  stm32f4xx_it.o(i.SysTick_Handler)
    i.SystemInit                             0x080011a4   Section        0  system_stm32f4xx.o(i.SystemInit)
    i.USART1_IRQHandler                      0x0800120c   Section        0  stm32f4xx_it.o(i.USART1_IRQHandler)
    i.USART_Cmd                              0x08001230   Section        0  stm32f4xx_usart.o(i.USART_Cmd)
    i.USART_GetFlagStatus                    0x08001248   Section        0  stm32f4xx_usart.o(i.USART_GetFlagStatus)
    i.USART_GetITStatus                      0x08001262   Section        0  stm32f4xx_usart.o(i.USART_GetITStatus)
    i.USART_ITConfig                         0x080012b6   Section        0  stm32f4xx_usart.o(i.USART_ITConfig)
    i.USART_Init                             0x08001300   Section        0  stm32f4xx_usart.o(i.USART_Init)
    i.USART_ReceiveData                      0x080013d4   Section        0  stm32f4xx_usart.o(i.USART_ReceiveData)
    i.USART_SendData                         0x080013de   Section        0  stm32f4xx_usart.o(i.USART_SendData)
    i.UsageFault_Handler                     0x080013e6   Section        0  stm32f4xx_it.o(i.UsageFault_Handler)
    i.Usart_SendByte                         0x080013ea   Section        0  bsp_debug_usart.o(i.Usart_SendByte)
    i.Usart_SendString                       0x08001408   Section        0  bsp_debug_usart.o(i.Usart_SendString)
    i.__0printf                              0x08001434   Section        0  printfa.o(i.__0printf)
    i.__0sprintf                             0x08001454   Section        0  printfa.o(i.__0sprintf)
    i.__hardfp_fabs                          0x0800147c   Section        0  fabs.o(i.__hardfp_fabs)
    i.__hardfp_floor                         0x08001490   Section        0  floor.o(i.__hardfp_floor)
    i.__scatterload_copy                     0x080015a8   Section       14  handlers.o(i.__scatterload_copy)
    i.__scatterload_null                     0x080015b6   Section        2  handlers.o(i.__scatterload_null)
    i.__scatterload_zeroinit                 0x080015b8   Section       14  handlers.o(i.__scatterload_zeroinit)
    i._fp_digits                             0x080015c8   Section        0  printfa.o(i._fp_digits)
    _fp_digits                               0x080015c9   Thumb Code   366  printfa.o(i._fp_digits)
    i._printf_core                           0x0800174c   Section        0  printfa.o(i._printf_core)
    _printf_core                             0x0800174d   Thumb Code  1704  printfa.o(i._printf_core)
    i._printf_post_padding                   0x08001e00   Section        0  printfa.o(i._printf_post_padding)
    _printf_post_padding                     0x08001e01   Thumb Code    36  printfa.o(i._printf_post_padding)
    i._printf_pre_padding                    0x08001e24   Section        0  printfa.o(i._printf_pre_padding)
    _printf_pre_padding                      0x08001e25   Thumb Code    46  printfa.o(i._printf_pre_padding)
    i._sputc                                 0x08001e52   Section        0  printfa.o(i._sputc)
    _sputc                                   0x08001e53   Thumb Code    10  printfa.o(i._sputc)
    i.cJSON_AddItemToArray                   0x08001e5c   Section        0  cjson.o(i.cJSON_AddItemToArray)
    i.cJSON_AddItemToObject                  0x08001e88   Section        0  cjson.o(i.cJSON_AddItemToObject)
    i.cJSON_CreateNumber                     0x08001eb8   Section        0  cjson.o(i.cJSON_CreateNumber)
    i.cJSON_CreateObject                     0x08001ee8   Section        0  cjson.o(i.cJSON_CreateObject)
    i.cJSON_CreateString                     0x08001efa   Section        0  cjson.o(i.cJSON_CreateString)
    i.cJSON_Delete                           0x08001f18   Section        0  cjson.o(i.cJSON_Delete)
    i.cJSON_New_Item                         0x08001f70   Section        0  cjson.o(i.cJSON_New_Item)
    cJSON_New_Item                           0x08001f71   Thumb Code    26  cjson.o(i.cJSON_New_Item)
    i.cJSON_Print                            0x08001f90   Section        0  cjson.o(i.cJSON_Print)
    i.cJSON_strdup                           0x08001fa4   Section        0  cjson.o(i.cJSON_strdup)
    cJSON_strdup                             0x08001fa5   Thumb Code    42  cjson.o(i.cJSON_strdup)
    i.ensure                                 0x08001fd4   Section        0  cjson.o(i.ensure)
    ensure                                   0x08001fd5   Thumb Code   104  cjson.o(i.ensure)
    i.fputc                                  0x08002044   Section        0  bsp_debug_usart.o(i.fputc)
    i.free                                   0x08002068   Section        0  malloc.o(i.free)
    i.main                                   0x080020b8   Section        0  main.o(i.main)
    i.malloc                                 0x08002158   Section        0  malloc.o(i.malloc)
    i.pow2gt                                 0x080021c4   Section        0  cjson.o(i.pow2gt)
    pow2gt                                   0x080021c5   Thumb Code    28  cjson.o(i.pow2gt)
    i.print_array                            0x080021e0   Section        0  cjson.o(i.print_array)
    print_array                              0x080021e1   Thumb Code   578  cjson.o(i.print_array)
    i.print_number                           0x08002430   Section        0  cjson.o(i.print_number)
    print_number                             0x08002431   Thumb Code   478  cjson.o(i.print_number)
    i.print_object                           0x08002664   Section        0  cjson.o(i.print_object)
    print_object                             0x08002665   Thumb Code  1038  cjson.o(i.print_object)
    i.print_string                           0x08002a7c   Section        0  cjson.o(i.print_string)
    print_string                             0x08002a7d   Thumb Code    16  cjson.o(i.print_string)
    i.print_string_ptr                       0x08002a8c   Section        0  cjson.o(i.print_string_ptr)
    print_string_ptr                         0x08002a8d   Thumb Code   450  cjson.o(i.print_string_ptr)
    i.print_value                            0x08002c68   Section        0  cjson.o(i.print_value)
    print_value                              0x08002c69   Thumb Code   278  cjson.o(i.print_value)
    i.suffix_object                          0x08002d98   Section        0  cjson.o(i.suffix_object)
    suffix_object                            0x08002d99   Thumb Code     6  cjson.o(i.suffix_object)
    i.update                                 0x08002d9e   Section        0  cjson.o(i.update)
    update                                   0x08002d9f   Thumb Code    32  cjson.o(i.update)
    .data                                    0x20000000   Section       20  system_stm32f4xx.o(.data)
    .data                                    0x20000014   Section       16  stm32f4xx_rcc.o(.data)
    APBAHBPrescTable                         0x20000014   Data          16  stm32f4xx_rcc.o(.data)
    .data                                    0x20000024   Section       12  cjson.o(.data)
    ep                                       0x20000024   Data           4  cjson.o(.data)
    cJSON_malloc                             0x20000028   Data           4  cjson.o(.data)
    cJSON_free                               0x2000002c   Data           4  cjson.o(.data)
    .data                                    0x20000030   Section        2  bsp_adc.o(.data)
    .data                                    0x20000034   Section        4  stdout.o(.data)
    .data                                    0x20000038   Section        4  mvars.o(.data)
    .data                                    0x2000003c   Section        4  mvars.o(.data)
    HEAP                                     0x20000040   Section    16384  startup_stm32f40_41xxx.o(HEAP)
    STACK                                    0x20004040   Section     1024  startup_stm32f40_41xxx.o(STACK)

    Global Symbols

    Symbol Name                              Value     Ov Type        Size  Object(Section)

    BuildAttributes$$THM_ISAv4$E$P$D$K$B$S$7EM$VFPi3$EXTD16$VFPS$VFMA$PE$A:L22UL41UL21$X:L11$S22US41US21$IEEE1$IW$USESV6$~STKCKD$USESV7$~SHL$OTIME$ROPI$IEEEX$EBA8$MICROLIB$REQ8$PRES8$EABIv2 0x00000000   Number         0  anon$$obj.o ABSOLUTE
    __ARM_use_no_argv                        0x00000000   Number         0  main.o ABSOLUTE
    _printf_a                                0x00000000   Number         0  stubs.o ABSOLUTE
    _printf_c                                0x00000000   Number         0  stubs.o ABSOLUTE
    _printf_charcount                        0x00000000   Number         0  stubs.o ABSOLUTE
    _printf_d                                0x00000000   Number         0  stubs.o ABSOLUTE
    _printf_e                                0x00000000   Number         0  stubs.o ABSOLUTE
    _printf_f                                0x00000000   Number         0  stubs.o ABSOLUTE
    _printf_flags                            0x00000000   Number         0  stubs.o ABSOLUTE
    _printf_fp_dec                           0x00000000   Number         0  stubs.o ABSOLUTE
    _printf_fp_hex                           0x00000000   Number         0  stubs.o ABSOLUTE
    _printf_g                                0x00000000   Number         0  stubs.o ABSOLUTE
    _printf_i                                0x00000000   Number         0  stubs.o ABSOLUTE
    _printf_int_dec                          0x00000000   Number         0  stubs.o ABSOLUTE
    _printf_l                                0x00000000   Number         0  stubs.o ABSOLUTE
    _printf_lc                               0x00000000   Number         0  stubs.o ABSOLUTE
    _printf_ll                               0x00000000   Number         0  stubs.o ABSOLUTE
    _printf_lld                              0x00000000   Number         0  stubs.o ABSOLUTE
    _printf_lli                              0x00000000   Number         0  stubs.o ABSOLUTE
    _printf_llo                              0x00000000   Number         0  stubs.o ABSOLUTE
    _printf_llu                              0x00000000   Number         0  stubs.o ABSOLUTE
    _printf_llx                              0x00000000   Number         0  stubs.o ABSOLUTE
    _printf_longlong_dec                     0x00000000   Number         0  stubs.o ABSOLUTE
    _printf_longlong_hex                     0x00000000   Number         0  stubs.o ABSOLUTE
    _printf_longlong_oct                     0x00000000   Number         0  stubs.o ABSOLUTE
    _printf_ls                               0x00000000   Number         0  stubs.o ABSOLUTE
    _printf_mbtowc                           0x00000000   Number         0  stubs.o ABSOLUTE
    _printf_n                                0x00000000   Number         0  stubs.o ABSOLUTE
    _printf_o                                0x00000000   Number         0  stubs.o ABSOLUTE
    _printf_p                                0x00000000   Number         0  stubs.o ABSOLUTE
    _printf_percent                          0x00000000   Number         0  stubs.o ABSOLUTE
    _printf_pre_padding                      0x00000000   Number         0  stubs.o ABSOLUTE
    _printf_return_value                     0x00000000   Number         0  stubs.o ABSOLUTE
    _printf_s                                0x00000000   Number         0  stubs.o ABSOLUTE
    _printf_sizespec                         0x00000000   Number         0  stubs.o ABSOLUTE
    _printf_str                              0x00000000   Number         0  stubs.o ABSOLUTE
    _printf_truncate_signed                  0x00000000   Number         0  stubs.o ABSOLUTE
    _printf_truncate_unsigned                0x00000000   Number         0  stubs.o ABSOLUTE
    _printf_u                                0x00000000   Number         0  stubs.o ABSOLUTE
    _printf_wc                               0x00000000   Number         0  stubs.o ABSOLUTE
    _printf_wctomb                           0x00000000   Number         0  stubs.o ABSOLUTE
    _printf_widthprec                        0x00000000   Number         0  stubs.o ABSOLUTE
    _printf_x                                0x00000000   Number         0  stubs.o ABSOLUTE
    __arm_fini_                               - Undefined Weak Reference
    __cpp_initialize__aeabi_                  - Undefined Weak Reference
    __cxa_finalize                            - Undefined Weak Reference
    __decompress                              - Undefined Weak Reference
    _clock_init                               - Undefined Weak Reference
    _microlib_exit                            - Undefined Weak Reference
    __Vectors_Size                           0x00000188   Number         0  startup_stm32f40_41xxx.o ABSOLUTE
    __Vectors                                0x08000000   Data           4  startup_stm32f40_41xxx.o(RESET)
    __Vectors_End                            0x08000188   Data           0  startup_stm32f40_41xxx.o(RESET)
    __main                                   0x08000189   Thumb Code     0  entry.o(.ARM.Collect$$$$00000000)
    _main_stk                                0x08000189   Thumb Code     0  entry2.o(.ARM.Collect$$$$00000001)
    _main_scatterload                        0x0800018d   Thumb Code     0  entry5.o(.ARM.Collect$$$$00000004)
    __main_after_scatterload                 0x08000191   Thumb Code     0  entry5.o(.ARM.Collect$$$$00000004)
    _main_clock                              0x08000191   Thumb Code     0  entry7b.o(.ARM.Collect$$$$00000008)
    _main_cpp_init                           0x08000191   Thumb Code     0  entry8b.o(.ARM.Collect$$$$0000000A)
    _main_init                               0x08000191   Thumb Code     0  entry9a.o(.ARM.Collect$$$$0000000B)
    __rt_lib_shutdown_fini                   0x08000199   Thumb Code     0  entry12b.o(.ARM.Collect$$$$0000000E)
    __rt_final_cpp                           0x0800019d   Thumb Code     0  entry10a.o(.ARM.Collect$$$$0000000F)
    __rt_final_exit                          0x0800019d   Thumb Code     0  entry11a.o(.ARM.Collect$$$$00000011)
    Reset_Handler                            0x080001a1   Thumb Code     8  startup_stm32f40_41xxx.o(.text)
    ADC_IRQHandler                           0x080001bb   Thumb Code     0  startup_stm32f40_41xxx.o(.text)
    CAN1_RX0_IRQHandler                      0x080001bb   Thumb Code     0  startup_stm32f40_41xxx.o(.text)
    CAN1_RX1_IRQHandler                      0x080001bb   Thumb Code     0  startup_stm32f40_41xxx.o(.text)
    CAN1_SCE_IRQHandler                      0x080001bb   Thumb Code     0  startup_stm32f40_41xxx.o(.text)
    CAN1_TX_IRQHandler                       0x080001bb   Thumb Code     0  startup_stm32f40_41xxx.o(.text)
    CAN2_RX0_IRQHandler                      0x080001bb   Thumb Code     0  startup_stm32f40_41xxx.o(.text)
    CAN2_RX1_IRQHandler                      0x080001bb   Thumb Code     0  startup_stm32f40_41xxx.o(.text)
    CAN2_SCE_IRQHandler                      0x080001bb   Thumb Code     0  startup_stm32f40_41xxx.o(.text)
    CAN2_TX_IRQHandler                       0x080001bb   Thumb Code     0  startup_stm32f40_41xxx.o(.text)
    CRYP_IRQHandler                          0x080001bb   Thumb Code     0  startup_stm32f40_41xxx.o(.text)
    DCMI_IRQHandler                          0x080001bb   Thumb Code     0  startup_stm32f40_41xxx.o(.text)
    DMA1_Stream0_IRQHandler                  0x080001bb   Thumb Code     0  startup_stm32f40_41xxx.o(.text)
    DMA1_Stream1_IRQHandler                  0x080001bb   Thumb Code     0  startup_stm32f40_41xxx.o(.text)
    DMA1_Stream2_IRQHandler                  0x080001bb   Thumb Code     0  startup_stm32f40_41xxx.o(.text)
    DMA1_Stream3_IRQHandler                  0x080001bb   Thumb Code     0  startup_stm32f40_41xxx.o(.text)
    DMA1_Stream4_IRQHandler                  0x080001bb   Thumb Code     0  startup_stm32f40_41xxx.o(.text)
    DMA1_Stream5_IRQHandler                  0x080001bb   Thumb Code     0  startup_stm32f40_41xxx.o(.text)
    DMA1_Stream6_IRQHandler                  0x080001bb   Thumb Code     0  startup_stm32f40_41xxx.o(.text)
    DMA1_Stream7_IRQHandler                  0x080001bb   Thumb Code     0  startup_stm32f40_41xxx.o(.text)
    DMA2_Stream0_IRQHandler                  0x080001bb   Thumb Code     0  startup_stm32f40_41xxx.o(.text)
    DMA2_Stream1_IRQHandler                  0x080001bb   Thumb Code     0  startup_stm32f40_41xxx.o(.text)
    DMA2_Stream2_IRQHandler                  0x080001bb   Thumb Code     0  startup_stm32f40_41xxx.o(.text)
    DMA2_Stream3_IRQHandler                  0x080001bb   Thumb Code     0  startup_stm32f40_41xxx.o(.text)
    DMA2_Stream4_IRQHandler                  0x080001bb   Thumb Code     0  startup_stm32f40_41xxx.o(.text)
    DMA2_Stream5_IRQHandler                  0x080001bb   Thumb Code     0  startup_stm32f40_41xxx.o(.text)
    DMA2_Stream6_IRQHandler                  0x080001bb   Thumb Code     0  startup_stm32f40_41xxx.o(.text)
    DMA2_Stream7_IRQHandler                  0x080001bb   Thumb Code     0  startup_stm32f40_41xxx.o(.text)
    ETH_IRQHandler                           0x080001bb   Thumb Code     0  startup_stm32f40_41xxx.o(.text)
    ETH_WKUP_IRQHandler                      0x080001bb   Thumb Code     0  startup_stm32f40_41xxx.o(.text)
    EXTI0_IRQHandler                         0x080001bb   Thumb Code     0  startup_stm32f40_41xxx.o(.text)
    EXTI15_10_IRQHandler                     0x080001bb   Thumb Code     0  startup_stm32f40_41xxx.o(.text)
    EXTI1_IRQHandler                         0x080001bb   Thumb Code     0  startup_stm32f40_41xxx.o(.text)
    EXTI2_IRQHandler                         0x080001bb   Thumb Code     0  startup_stm32f40_41xxx.o(.text)
    EXTI3_IRQHandler                         0x080001bb   Thumb Code     0  startup_stm32f40_41xxx.o(.text)
    EXTI4_IRQHandler                         0x080001bb   Thumb Code     0  startup_stm32f40_41xxx.o(.text)
    EXTI9_5_IRQHandler                       0x080001bb   Thumb Code     0  startup_stm32f40_41xxx.o(.text)
    FLASH_IRQHandler                         0x080001bb   Thumb Code     0  startup_stm32f40_41xxx.o(.text)
    FPU_IRQHandler                           0x080001bb   Thumb Code     0  startup_stm32f40_41xxx.o(.text)
    FSMC_IRQHandler                          0x080001bb   Thumb Code     0  startup_stm32f40_41xxx.o(.text)
    HASH_RNG_IRQHandler                      0x080001bb   Thumb Code     0  startup_stm32f40_41xxx.o(.text)
    I2C1_ER_IRQHandler                       0x080001bb   Thumb Code     0  startup_stm32f40_41xxx.o(.text)
    I2C1_EV_IRQHandler                       0x080001bb   Thumb Code     0  startup_stm32f40_41xxx.o(.text)
    I2C2_ER_IRQHandler                       0x080001bb   Thumb Code     0  startup_stm32f40_41xxx.o(.text)
    I2C2_EV_IRQHandler                       0x080001bb   Thumb Code     0  startup_stm32f40_41xxx.o(.text)
    I2C3_ER_IRQHandler                       0x080001bb   Thumb Code     0  startup_stm32f40_41xxx.o(.text)
    I2C3_EV_IRQHandler                       0x080001bb   Thumb Code     0  startup_stm32f40_41xxx.o(.text)
    OTG_FS_IRQHandler                        0x080001bb   Thumb Code     0  startup_stm32f40_41xxx.o(.text)
    OTG_FS_WKUP_IRQHandler                   0x080001bb   Thumb Code     0  startup_stm32f40_41xxx.o(.text)
    OTG_HS_EP1_IN_IRQHandler                 0x080001bb   Thumb Code     0  startup_stm32f40_41xxx.o(.text)
    OTG_HS_EP1_OUT_IRQHandler                0x080001bb   Thumb Code     0  startup_stm32f40_41xxx.o(.text)
    OTG_HS_IRQHandler                        0x080001bb   Thumb Code     0  startup_stm32f40_41xxx.o(.text)
    OTG_HS_WKUP_IRQHandler                   0x080001bb   Thumb Code     0  startup_stm32f40_41xxx.o(.text)
    PVD_IRQHandler                           0x080001bb   Thumb Code     0  startup_stm32f40_41xxx.o(.text)
    RCC_IRQHandler                           0x080001bb   Thumb Code     0  startup_stm32f40_41xxx.o(.text)
    RTC_Alarm_IRQHandler                     0x080001bb   Thumb Code     0  startup_stm32f40_41xxx.o(.text)
    RTC_WKUP_IRQHandler                      0x080001bb   Thumb Code     0  startup_stm32f40_41xxx.o(.text)
    SDIO_IRQHandler                          0x080001bb   Thumb Code     0  startup_stm32f40_41xxx.o(.text)
    SPI1_IRQHandler                          0x080001bb   Thumb Code     0  startup_stm32f40_41xxx.o(.text)
    SPI2_IRQHandler                          0x080001bb   Thumb Code     0  startup_stm32f40_41xxx.o(.text)
    SPI3_IRQHandler                          0x080001bb   Thumb Code     0  startup_stm32f40_41xxx.o(.text)
    TAMP_STAMP_IRQHandler                    0x080001bb   Thumb Code     0  startup_stm32f40_41xxx.o(.text)
    TIM1_BRK_TIM9_IRQHandler                 0x080001bb   Thumb Code     0  startup_stm32f40_41xxx.o(.text)
    TIM1_CC_IRQHandler                       0x080001bb   Thumb Code     0  startup_stm32f40_41xxx.o(.text)
    TIM1_TRG_COM_TIM11_IRQHandler            0x080001bb   Thumb Code     0  startup_stm32f40_41xxx.o(.text)
    TIM1_UP_TIM10_IRQHandler                 0x080001bb   Thumb Code     0  startup_stm32f40_41xxx.o(.text)
    TIM2_IRQHandler                          0x080001bb   Thumb Code     0  startup_stm32f40_41xxx.o(.text)
    TIM3_IRQHandler                          0x080001bb   Thumb Code     0  startup_stm32f40_41xxx.o(.text)
    TIM4_IRQHandler                          0x080001bb   Thumb Code     0  startup_stm32f40_41xxx.o(.text)
    TIM5_IRQHandler                          0x080001bb   Thumb Code     0  startup_stm32f40_41xxx.o(.text)
    TIM6_DAC_IRQHandler                      0x080001bb   Thumb Code     0  startup_stm32f40_41xxx.o(.text)
    TIM7_IRQHandler                          0x080001bb   Thumb Code     0  startup_stm32f40_41xxx.o(.text)
    TIM8_BRK_TIM12_IRQHandler                0x080001bb   Thumb Code     0  startup_stm32f40_41xxx.o(.text)
    TIM8_CC_IRQHandler                       0x080001bb   Thumb Code     0  startup_stm32f40_41xxx.o(.text)
    TIM8_TRG_COM_TIM14_IRQHandler            0x080001bb   Thumb Code     0  startup_stm32f40_41xxx.o(.text)
    TIM8_UP_TIM13_IRQHandler                 0x080001bb   Thumb Code     0  startup_stm32f40_41xxx.o(.text)
    UART4_IRQHandler                         0x080001bb   Thumb Code     0  startup_stm32f40_41xxx.o(.text)
    UART5_IRQHandler                         0x080001bb   Thumb Code     0  startup_stm32f40_41xxx.o(.text)
    USART2_IRQHandler                        0x080001bb   Thumb Code     0  startup_stm32f40_41xxx.o(.text)
    USART3_IRQHandler                        0x080001bb   Thumb Code     0  startup_stm32f40_41xxx.o(.text)
    USART6_IRQHandler                        0x080001bb   Thumb Code     0  startup_stm32f40_41xxx.o(.text)
    WWDG_IRQHandler                          0x080001bb   Thumb Code     0  startup_stm32f40_41xxx.o(.text)
    __aeabi_memcpy                           0x080001c5   Thumb Code    36  memcpya.o(.text)
    __aeabi_memcpy4                          0x080001c5   Thumb Code     0  memcpya.o(.text)
    __aeabi_memcpy8                          0x080001c5   Thumb Code     0  memcpya.o(.text)
    __aeabi_memset                           0x080001e9   Thumb Code    14  memseta.o(.text)
    __aeabi_memset4                          0x080001e9   Thumb Code     0  memseta.o(.text)
    __aeabi_memset8                          0x080001e9   Thumb Code     0  memseta.o(.text)
    __aeabi_memclr                           0x080001f7   Thumb Code     4  memseta.o(.text)
    __aeabi_memclr4                          0x080001f7   Thumb Code     0  memseta.o(.text)
    __aeabi_memclr8                          0x080001f7   Thumb Code     0  memseta.o(.text)
    _memset$wrapper                          0x080001fb   Thumb Code    18  memseta.o(.text)
    strchr                                   0x0800020d   Thumb Code    20  strchr.o(.text)
    strlen                                   0x08000221   Thumb Code    14  strlen.o(.text)
    strcpy                                   0x0800022f   Thumb Code    18  strcpy.o(.text)
    __aeabi_dadd                             0x08000241   Thumb Code   322  dadd.o(.text)
    __aeabi_dsub                             0x08000383   Thumb Code     6  dadd.o(.text)
    __aeabi_drsub                            0x08000389   Thumb Code     6  dadd.o(.text)
    __aeabi_dmul                             0x0800038f   Thumb Code   228  dmul.o(.text)
    __aeabi_i2d                              0x08000473   Thumb Code    34  dflti.o(.text)
    __aeabi_ui2d                             0x08000495   Thumb Code    26  dfltui.o(.text)
    __aeabi_d2iz                             0x080004af   Thumb Code    62  dfixi.o(.text)
    __aeabi_f2d                              0x080004ed   Thumb Code    38  f2d.o(.text)
    __aeabi_cdcmpeq                          0x08000515   Thumb Code     0  cdcmple.o(.text)
    __aeabi_cdcmple                          0x08000515   Thumb Code    48  cdcmple.o(.text)
    __aeabi_cdrcmple                         0x08000545   Thumb Code    48  cdrcmple.o(.text)
    __aeabi_uidiv                            0x08000575   Thumb Code     0  uidiv.o(.text)
    __aeabi_uidivmod                         0x08000575   Thumb Code    44  uidiv.o(.text)
    __aeabi_uldivmod                         0x080005a1   Thumb Code    98  uldiv.o(.text)
    __aeabi_llsl                             0x08000603   Thumb Code    30  llshl.o(.text)
    _ll_shift_l                              0x08000603   Thumb Code     0  llshl.o(.text)
    __aeabi_llsr                             0x08000621   Thumb Code    32  llushr.o(.text)
    _ll_ushift_r                             0x08000621   Thumb Code     0  llushr.o(.text)
    __aeabi_lasr                             0x08000641   Thumb Code    36  llsshr.o(.text)
    _ll_sshift_r                             0x08000641   Thumb Code     0  llsshr.o(.text)
    __I$use$fp                               0x08000665   Thumb Code     0  iusefp.o(.text)
    _double_round                            0x08000665   Thumb Code    30  depilogue.o(.text)
    _double_epilogue                         0x08000683   Thumb Code   156  depilogue.o(.text)
    __aeabi_ddiv                             0x0800071f   Thumb Code   222  ddiv.o(.text)
    __aeabi_d2ulz                            0x080007fd   Thumb Code    48  dfixul.o(.text)
    __scatterload                            0x0800082d   Thumb Code    28  init.o(.text)
    __scatterload_rt2                        0x0800082d   Thumb Code     0  init.o(.text)
    ADC_Cmd                                  0x08000851   Thumb Code    22  stm32f4xx_adc.o(i.ADC_Cmd)
    ADC_CommonInit                           0x08000869   Thumb Code    34  stm32f4xx_adc.o(i.ADC_CommonInit)
    ADC_DMACmd                               0x08000899   Thumb Code    22  stm32f4xx_adc.o(i.ADC_DMACmd)
    ADC_DMARequestAfterLastTransferCmd       0x080008af   Thumb Code    22  stm32f4xx_adc.o(i.ADC_DMARequestAfterLastTransferCmd)
    ADC_Init                                 0x080008c5   Thumb Code    74  stm32f4xx_adc.o(i.ADC_Init)
    ADC_RegularChannelConfig                 0x08000919   Thumb Code   184  stm32f4xx_adc.o(i.ADC_RegularChannelConfig)
    ADC_SoftwareStartConv                    0x080009d1   Thumb Code    10  stm32f4xx_adc.o(i.ADC_SoftwareStartConv)
    ADC_StructInit                           0x080009db   Thumb Code    20  stm32f4xx_adc.o(i.ADC_StructInit)
    BusFault_Handler                         0x080009ef   Thumb Code     4  stm32f4xx_it.o(i.BusFault_Handler)
    CPU_TS_TmrInit                           0x080009f5   Thumb Code    30  core_delay.o(i.CPU_TS_TmrInit)
    CPU_TS_TmrRd                             0x08000a1d   Thumb Code     6  core_delay.o(i.CPU_TS_TmrRd)
    CPU_TS_Tmr_Delay_US                      0x08000a29   Thumb Code    72  core_delay.o(i.CPU_TS_Tmr_Delay_US)
    DMA_Cmd                                  0x08000a79   Thumb Code    22  stm32f4xx_dma.o(i.DMA_Cmd)
    DMA_Init                                 0x08000a91   Thumb Code    82  stm32f4xx_dma.o(i.DMA_Init)
    DebugMon_Handler                         0x08000ae9   Thumb Code     2  stm32f4xx_it.o(i.DebugMon_Handler)
    Debug_USART_Config                       0x08000aed   Thumb Code   160  bsp_debug_usart.o(i.Debug_USART_Config)
    GPIO_Init                                0x08000b95   Thumb Code   144  stm32f4xx_gpio.o(i.GPIO_Init)
    GPIO_PinAFConfig                         0x08000c25   Thumb Code    70  stm32f4xx_gpio.o(i.GPIO_PinAFConfig)
    HardFault_Handler                        0x08000c6b   Thumb Code     4  stm32f4xx_it.o(i.HardFault_Handler)
    JSONPack                                 0x08000c71   Thumb Code   188  bsp_json.o(i.JSONPack)
    LED_GPIO_Config                          0x08000d55   Thumb Code    90  bsp_led.o(i.LED_GPIO_Config)
    MemManage_Handler                        0x08000db5   Thumb Code     4  stm32f4xx_it.o(i.MemManage_Handler)
    NMI_Handler                              0x08000db9   Thumb Code     2  stm32f4xx_it.o(i.NMI_Handler)
    NVIC_Init                                0x08000de1   Thumb Code   106  misc.o(i.NVIC_Init)
    NVIC_PriorityGroupConfig                 0x08000e59   Thumb Code    10  misc.o(i.NVIC_PriorityGroupConfig)
    PendSV_Handler                           0x08000e6d   Thumb Code     2  stm32f4xx_it.o(i.PendSV_Handler)
    RCC_AHB1PeriphClockCmd                   0x08000e71   Thumb Code    26  stm32f4xx_rcc.o(i.RCC_AHB1PeriphClockCmd)
    RCC_APB2PeriphClockCmd                   0x08000e91   Thumb Code    26  stm32f4xx_rcc.o(i.RCC_APB2PeriphClockCmd)
    RCC_GetClocksFreq                        0x08000eb1   Thumb Code   214  stm32f4xx_rcc.o(i.RCC_GetClocksFreq)
    Rheostat_Init                            0x080010a5   Thumb Code    12  bsp_adc.o(i.Rheostat_Init)
    SVC_Handler                              0x080010b1   Thumb Code     2  stm32f4xx_it.o(i.SVC_Handler)
    SysTick_Handler                          0x080011a1   Thumb Code     2  stm32f4xx_it.o(i.SysTick_Handler)
    SystemInit                               0x080011a5   Thumb Code    88  system_stm32f4xx.o(i.SystemInit)
    USART1_IRQHandler                        0x0800120d   Thumb Code    32  stm32f4xx_it.o(i.USART1_IRQHandler)
    USART_Cmd                                0x08001231   Thumb Code    24  stm32f4xx_usart.o(i.USART_Cmd)
    USART_GetFlagStatus                      0x08001249   Thumb Code    26  stm32f4xx_usart.o(i.USART_GetFlagStatus)
    USART_GetITStatus                        0x08001263   Thumb Code    84  stm32f4xx_usart.o(i.USART_GetITStatus)
    USART_ITConfig                           0x080012b7   Thumb Code    74  stm32f4xx_usart.o(i.USART_ITConfig)
    USART_Init                               0x08001301   Thumb Code   204  stm32f4xx_usart.o(i.USART_Init)
    USART_ReceiveData                        0x080013d5   Thumb Code    10  stm32f4xx_usart.o(i.USART_ReceiveData)
    USART_SendData                           0x080013df   Thumb Code     8  stm32f4xx_usart.o(i.USART_SendData)
    UsageFault_Handler                       0x080013e7   Thumb Code     4  stm32f4xx_it.o(i.UsageFault_Handler)
    Usart_SendByte                           0x080013eb   Thumb Code    30  bsp_debug_usart.o(i.Usart_SendByte)
    Usart_SendString                         0x08001409   Thumb Code    42  bsp_debug_usart.o(i.Usart_SendString)
    __0printf                                0x08001435   Thumb Code    22  printfa.o(i.__0printf)
    __1printf                                0x08001435   Thumb Code     0  printfa.o(i.__0printf)
    __2printf                                0x08001435   Thumb Code     0  printfa.o(i.__0printf)
    __c89printf                              0x08001435   Thumb Code     0  printfa.o(i.__0printf)
    printf                                   0x08001435   Thumb Code     0  printfa.o(i.__0printf)
    __0sprintf                               0x08001455   Thumb Code    34  printfa.o(i.__0sprintf)
    __1sprintf                               0x08001455   Thumb Code     0  printfa.o(i.__0sprintf)
    __2sprintf                               0x08001455   Thumb Code     0  printfa.o(i.__0sprintf)
    __c89sprintf                             0x08001455   Thumb Code     0  printfa.o(i.__0sprintf)
    sprintf                                  0x08001455   Thumb Code     0  printfa.o(i.__0sprintf)
    __hardfp_fabs                            0x0800147d   Thumb Code    20  fabs.o(i.__hardfp_fabs)
    __hardfp_floor                           0x08001491   Thumb Code   252  floor.o(i.__hardfp_floor)
    __scatterload_copy                       0x080015a9   Thumb Code    14  handlers.o(i.__scatterload_copy)
    __scatterload_null                       0x080015b7   Thumb Code     2  handlers.o(i.__scatterload_null)
    __scatterload_zeroinit                   0x080015b9   Thumb Code    14  handlers.o(i.__scatterload_zeroinit)
    cJSON_AddItemToArray                     0x08001e5d   Thumb Code    42  cjson.o(i.cJSON_AddItemToArray)
    cJSON_AddItemToObject                    0x08001e89   Thumb Code    44  cjson.o(i.cJSON_AddItemToObject)
    cJSON_CreateNumber                       0x08001eb9   Thumb Code    48  cjson.o(i.cJSON_CreateNumber)
    cJSON_CreateObject                       0x08001ee9   Thumb Code    18  cjson.o(i.cJSON_CreateObject)
    cJSON_CreateString                       0x08001efb   Thumb Code    28  cjson.o(i.cJSON_CreateString)
    cJSON_Delete                             0x08001f19   Thumb Code    82  cjson.o(i.cJSON_Delete)
    cJSON_Print                              0x08001f91   Thumb Code    18  cjson.o(i.cJSON_Print)
    fputc                                    0x08002045   Thumb Code    32  bsp_debug_usart.o(i.fputc)
    free                                     0x08002069   Thumb Code    76  malloc.o(i.free)
    main                                     0x080020b9   Thumb Code   110  main.o(i.main)
    malloc                                   0x08002159   Thumb Code    92  malloc.o(i.malloc)
    Region$$Table$$Base                      0x08002dc0   Number         0  anon$$obj.o(Region$$Table)
    Region$$Table$$Limit                     0x08002de0   Number         0  anon$$obj.o(Region$$Table)
    SystemCoreClock                          0x20000000   Data           4  system_stm32f4xx.o(.data)
    AHBPrescTable                            0x20000004   Data          16  system_stm32f4xx.o(.data)
    ADC_ConvertedValue                       0x20000030   Data           2  bsp_adc.o(.data)
    __stdout                                 0x20000034   Data           4  stdout.o(.data)
    __microlib_freelist                      0x20000038   Data           4  mvars.o(.data)
    __microlib_freelist_initialised          0x2000003c   Data           4  mvars.o(.data)
    __heap_base                              0x20000040   Data           0  startup_stm32f40_41xxx.o(HEAP)
    __heap_limit                             0x20004040   Data           0  startup_stm32f40_41xxx.o(HEAP)
    __initial_sp                             0x20004440   Data           0  startup_stm32f40_41xxx.o(STACK)



==============================================================================

Memory Map of the image

  Image Entry point : 0x08000189

  Load Region LR_IROM1 (Base: 0x08000000, Size: 0x00002e20, Max: 0x00100000, ABSOLUTE)

    Execution Region ER_IROM1 (Exec base: 0x08000000, Load base: 0x08000000, Size: 0x00002de0, Max: 0x00100000, ABSOLUTE)

    Exec Addr    Load Addr    Size         Type   Attr      Idx    E Section Name        Object

    0x08000000   0x08000000   0x00000188   Data   RO          147    RESET               startup_stm32f40_41xxx.o
    0x08000188   0x08000188   0x00000000   Code   RO         6127  * .ARM.Collect$$$$00000000  mc_w.l(entry.o)
    0x08000188   0x08000188   0x00000004   Code   RO         6484    .ARM.Collect$$$$00000001  mc_w.l(entry2.o)
    0x0800018c   0x0800018c   0x00000004   Code   RO         6487    .ARM.Collect$$$$00000004  mc_w.l(entry5.o)
    0x08000190   0x08000190   0x00000000   Code   RO         6489    .ARM.Collect$$$$00000008  mc_w.l(entry7b.o)
    0x08000190   0x08000190   0x00000000   Code   RO         6491    .ARM.Collect$$$$0000000A  mc_w.l(entry8b.o)
    0x08000190   0x08000190   0x00000008   Code   RO         6492    .ARM.Collect$$$$0000000B  mc_w.l(entry9a.o)
    0x08000198   0x08000198   0x00000004   Code   RO         6499    .ARM.Collect$$$$0000000E  mc_w.l(entry12b.o)
    0x0800019c   0x0800019c   0x00000000   Code   RO         6494    .ARM.Collect$$$$0000000F  mc_w.l(entry10a.o)
    0x0800019c   0x0800019c   0x00000000   Code   RO         6496    .ARM.Collect$$$$00000011  mc_w.l(entry11a.o)
    0x0800019c   0x0800019c   0x00000004   Code   RO         6485    .ARM.Collect$$$$00002712  mc_w.l(entry2.o)
    0x080001a0   0x080001a0   0x00000024   Code   RO          148    .text               startup_stm32f40_41xxx.o
    0x080001c4   0x080001c4   0x00000024   Code   RO         6132    .text               mc_w.l(memcpya.o)
    0x080001e8   0x080001e8   0x00000024   Code   RO         6134    .text               mc_w.l(memseta.o)
    0x0800020c   0x0800020c   0x00000014   Code   RO         6138    .text               mc_w.l(strchr.o)
    0x08000220   0x08000220   0x0000000e   Code   RO         6140    .text               mc_w.l(strlen.o)
    0x0800022e   0x0800022e   0x00000012   Code   RO         6142    .text               mc_w.l(strcpy.o)
    0x08000240   0x08000240   0x0000014e   Code   RO         6437    .text               mf_w.l(dadd.o)
    0x0800038e   0x0800038e   0x000000e4   Code   RO         6439    .text               mf_w.l(dmul.o)
    0x08000472   0x08000472   0x00000022   Code   RO         6441    .text               mf_w.l(dflti.o)
    0x08000494   0x08000494   0x0000001a   Code   RO         6443    .text               mf_w.l(dfltui.o)
    0x080004ae   0x080004ae   0x0000003e   Code   RO         6445    .text               mf_w.l(dfixi.o)
    0x080004ec   0x080004ec   0x00000026   Code   RO         6447    .text               mf_w.l(f2d.o)
    0x08000512   0x08000512   0x00000002   PAD
    0x08000514   0x08000514   0x00000030   Code   RO         6449    .text               mf_w.l(cdcmple.o)
    0x08000544   0x08000544   0x00000030   Code   RO         6451    .text               mf_w.l(cdrcmple.o)
    0x08000574   0x08000574   0x0000002c   Code   RO         6501    .text               mc_w.l(uidiv.o)
    0x080005a0   0x080005a0   0x00000062   Code   RO         6503    .text               mc_w.l(uldiv.o)
    0x08000602   0x08000602   0x0000001e   Code   RO         6505    .text               mc_w.l(llshl.o)
    0x08000620   0x08000620   0x00000020   Code   RO         6507    .text               mc_w.l(llushr.o)
    0x08000640   0x08000640   0x00000024   Code   RO         6509    .text               mc_w.l(llsshr.o)
    0x08000664   0x08000664   0x00000000   Code   RO         6520    .text               mc_w.l(iusefp.o)
    0x08000664   0x08000664   0x000000ba   Code   RO         6521    .text               mf_w.l(depilogue.o)
    0x0800071e   0x0800071e   0x000000de   Code   RO         6523    .text               mf_w.l(ddiv.o)
    0x080007fc   0x080007fc   0x00000030   Code   RO         6529    .text               mf_w.l(dfixul.o)
    0x0800082c   0x0800082c   0x00000024   Code   RO         6531    .text               mc_w.l(init.o)
    0x08000850   0x08000850   0x00000016   Code   RO          213    i.ADC_Cmd           stm32f4xx_adc.o
    0x08000866   0x08000866   0x00000002   PAD
    0x08000868   0x08000868   0x00000030   Code   RO          214    i.ADC_CommonInit    stm32f4xx_adc.o
    0x08000898   0x08000898   0x00000016   Code   RO          217    i.ADC_DMACmd        stm32f4xx_adc.o
    0x080008ae   0x080008ae   0x00000016   Code   RO          218    i.ADC_DMARequestAfterLastTransferCmd  stm32f4xx_adc.o
    0x080008c4   0x080008c4   0x00000054   Code   RO          233    i.ADC_Init          stm32f4xx_adc.o
    0x08000918   0x08000918   0x000000b8   Code   RO          238    i.ADC_RegularChannelConfig  stm32f4xx_adc.o
    0x080009d0   0x080009d0   0x0000000a   Code   RO          240    i.ADC_SoftwareStartConv  stm32f4xx_adc.o
    0x080009da   0x080009da   0x00000014   Code   RO          242    i.ADC_StructInit    stm32f4xx_adc.o
    0x080009ee   0x080009ee   0x00000004   Code   RO         5214    i.BusFault_Handler  stm32f4xx_it.o
    0x080009f2   0x080009f2   0x00000002   PAD
    0x080009f4   0x080009f4   0x00000028   Code   RO         5985    i.CPU_TS_TmrInit    core_delay.o
    0x08000a1c   0x08000a1c   0x0000000c   Code   RO         5986    i.CPU_TS_TmrRd      core_delay.o
    0x08000a28   0x08000a28   0x00000050   Code   RO         5987    i.CPU_TS_Tmr_Delay_US  core_delay.o
    0x08000a78   0x08000a78   0x00000016   Code   RO         1234    i.DMA_Cmd           stm32f4xx_dma.o
    0x08000a8e   0x08000a8e   0x00000002   PAD
    0x08000a90   0x08000a90   0x00000058   Code   RO         1246    i.DMA_Init          stm32f4xx_dma.o
    0x08000ae8   0x08000ae8   0x00000002   Code   RO         5215    i.DebugMon_Handler  stm32f4xx_it.o
    0x08000aea   0x08000aea   0x00000002   PAD
    0x08000aec   0x08000aec   0x000000a8   Code   RO         5928    i.Debug_USART_Config  bsp_debug_usart.o
    0x08000b94   0x08000b94   0x00000090   Code   RO         2034    i.GPIO_Init         stm32f4xx_gpio.o
    0x08000c24   0x08000c24   0x00000046   Code   RO         2035    i.GPIO_PinAFConfig  stm32f4xx_gpio.o
    0x08000c6a   0x08000c6a   0x00000004   Code   RO         5216    i.HardFault_Handler  stm32f4xx_it.o
    0x08000c6e   0x08000c6e   0x00000002   PAD
    0x08000c70   0x08000c70   0x000000e4   Code   RO         6067    i.JSONPack          bsp_json.o
    0x08000d54   0x08000d54   0x00000060   Code   RO         5904    i.LED_GPIO_Config   bsp_led.o
    0x08000db4   0x08000db4   0x00000004   Code   RO         5217    i.MemManage_Handler  stm32f4xx_it.o
    0x08000db8   0x08000db8   0x00000002   Code   RO         5218    i.NMI_Handler       stm32f4xx_it.o
    0x08000dba   0x08000dba   0x00000026   Code   RO         5929    i.NVIC_Configuration  bsp_debug_usart.o
    0x08000de0   0x08000de0   0x00000078   Code   RO          155    i.NVIC_Init         misc.o
    0x08000e58   0x08000e58   0x00000014   Code   RO          156    i.NVIC_PriorityGroupConfig  misc.o
    0x08000e6c   0x08000e6c   0x00000002   Code   RO         5219    i.PendSV_Handler    stm32f4xx_it.o
    0x08000e6e   0x08000e6e   0x00000002   PAD
    0x08000e70   0x08000e70   0x00000020   Code   RO         2960    i.RCC_AHB1PeriphClockCmd  stm32f4xx_rcc.o
    0x08000e90   0x08000e90   0x00000020   Code   RO         2972    i.RCC_APB2PeriphClockCmd  stm32f4xx_rcc.o
    0x08000eb0   0x08000eb0   0x000000e8   Code   RO         2981    i.RCC_GetClocksFreq  stm32f4xx_rcc.o
    0x08000f98   0x08000f98   0x00000028   Code   RO         6027    i.Rheostat_ADC_GPIO_Config  bsp_adc.o
    0x08000fc0   0x08000fc0   0x000000e4   Code   RO         6028    i.Rheostat_ADC_Mode_Config  bsp_adc.o
    0x080010a4   0x080010a4   0x0000000c   Code   RO         6029    i.Rheostat_Init     bsp_adc.o
    0x080010b0   0x080010b0   0x00000002   Code   RO         5220    i.SVC_Handler       stm32f4xx_it.o
    0x080010b2   0x080010b2   0x00000002   PAD
    0x080010b4   0x080010b4   0x000000ec   Code   RO            4    i.SetSysClock       system_stm32f4xx.o
    0x080011a0   0x080011a0   0x00000002   Code   RO         5221    i.SysTick_Handler   stm32f4xx_it.o
    0x080011a2   0x080011a2   0x00000002   PAD
    0x080011a4   0x080011a4   0x00000068   Code   RO            6    i.SystemInit        system_stm32f4xx.o
    0x0800120c   0x0800120c   0x00000024   Code   RO         5222    i.USART1_IRQHandler  stm32f4xx_it.o
    0x08001230   0x08001230   0x00000018   Code   RO         4910    i.USART_Cmd         stm32f4xx_usart.o
    0x08001248   0x08001248   0x0000001a   Code   RO         4913    i.USART_GetFlagStatus  stm32f4xx_usart.o
    0x08001262   0x08001262   0x00000054   Code   RO         4914    i.USART_GetITStatus  stm32f4xx_usart.o
    0x080012b6   0x080012b6   0x0000004a   Code   RO         4916    i.USART_ITConfig    stm32f4xx_usart.o
    0x08001300   0x08001300   0x000000d4   Code   RO         4917    i.USART_Init        stm32f4xx_usart.o
    0x080013d4   0x080013d4   0x0000000a   Code   RO         4924    i.USART_ReceiveData  stm32f4xx_usart.o
    0x080013de   0x080013de   0x00000008   Code   RO         4927    i.USART_SendData    stm32f4xx_usart.o
    0x080013e6   0x080013e6   0x00000004   Code   RO         5223    i.UsageFault_Handler  stm32f4xx_it.o
    0x080013ea   0x080013ea   0x0000001e   Code   RO         5930    i.Usart_SendByte    bsp_debug_usart.o
    0x08001408   0x08001408   0x0000002a   Code   RO         5931    i.Usart_SendString  bsp_debug_usart.o
    0x08001432   0x08001432   0x00000002   PAD
    0x08001434   0x08001434   0x00000020   Code   RO         6381    i.__0printf         mc_w.l(printfa.o)
    0x08001454   0x08001454   0x00000028   Code   RO         6383    i.__0sprintf        mc_w.l(printfa.o)
    0x0800147c   0x0800147c   0x00000014   Code   RO         6101    i.__hardfp_fabs     m_wm.l(fabs.o)
    0x08001490   0x08001490   0x00000118   Code   RO         6107    i.__hardfp_floor    m_wm.l(floor.o)
    0x080015a8   0x080015a8   0x0000000e   Code   RO         6537    i.__scatterload_copy  mc_w.l(handlers.o)
    0x080015b6   0x080015b6   0x00000002   Code   RO         6538    i.__scatterload_null  mc_w.l(handlers.o)
    0x080015b8   0x080015b8   0x0000000e   Code   RO         6539    i.__scatterload_zeroinit  mc_w.l(handlers.o)
    0x080015c6   0x080015c6   0x00000002   PAD
    0x080015c8   0x080015c8   0x00000184   Code   RO         6388    i._fp_digits        mc_w.l(printfa.o)
    0x0800174c   0x0800174c   0x000006b4   Code   RO         6389    i._printf_core      mc_w.l(printfa.o)
    0x08001e00   0x08001e00   0x00000024   Code   RO         6390    i._printf_post_padding  mc_w.l(printfa.o)
    0x08001e24   0x08001e24   0x0000002e   Code   RO         6391    i._printf_pre_padding  mc_w.l(printfa.o)
    0x08001e52   0x08001e52   0x0000000a   Code   RO         6393    i._sputc            mc_w.l(printfa.o)
    0x08001e5c   0x08001e5c   0x0000002a   Code   RO         5298    i.cJSON_AddItemToArray  cjson.o
    0x08001e86   0x08001e86   0x00000002   PAD
    0x08001e88   0x08001e88   0x00000030   Code   RO         5299    i.cJSON_AddItemToObject  cjson.o
    0x08001eb8   0x08001eb8   0x00000030   Code   RO         5308    i.cJSON_CreateNumber  cjson.o
    0x08001ee8   0x08001ee8   0x00000012   Code   RO         5309    i.cJSON_CreateObject  cjson.o
    0x08001efa   0x08001efa   0x0000001c   Code   RO         5310    i.cJSON_CreateString  cjson.o
    0x08001f16   0x08001f16   0x00000002   PAD
    0x08001f18   0x08001f18   0x00000058   Code   RO         5313    i.cJSON_Delete      cjson.o
    0x08001f70   0x08001f70   0x00000020   Code   RO         5326    i.cJSON_New_Item    cjson.o
    0x08001f90   0x08001f90   0x00000012   Code   RO         5329    i.cJSON_Print       cjson.o
    0x08001fa2   0x08001fa2   0x00000002   PAD
    0x08001fa4   0x08001fa4   0x00000030   Code   RO         5335    i.cJSON_strdup      cjson.o
    0x08001fd4   0x08001fd4   0x00000070   Code   RO         5337    i.ensure            cjson.o
    0x08002044   0x08002044   0x00000024   Code   RO         5933    i.fputc             bsp_debug_usart.o
    0x08002068   0x08002068   0x00000050   Code   RO         6409    i.free              mc_w.l(malloc.o)
    0x080020b8   0x080020b8   0x000000a0   Code   RO         5164    i.main              main.o
    0x08002158   0x08002158   0x0000006c   Code   RO         6410    i.malloc            mc_w.l(malloc.o)
    0x080021c4   0x080021c4   0x0000001c   Code   RO         5344    i.pow2gt            cjson.o
    0x080021e0   0x080021e0   0x00000250   Code   RO         5345    i.print_array       cjson.o
    0x08002430   0x08002430   0x00000234   Code   RO         5346    i.print_number      cjson.o
    0x08002664   0x08002664   0x00000418   Code   RO         5347    i.print_object      cjson.o
    0x08002a7c   0x08002a7c   0x00000010   Code   RO         5348    i.print_string      cjson.o
    0x08002a8c   0x08002a8c   0x000001dc   Code   RO         5349    i.print_string_ptr  cjson.o
    0x08002c68   0x08002c68   0x00000130   Code   RO         5350    i.print_value       cjson.o
    0x08002d98   0x08002d98   0x00000006   Code   RO         5352    i.suffix_object     cjson.o
    0x08002d9e   0x08002d9e   0x00000020   Code   RO         5353    i.update            cjson.o
    0x08002dbe   0x08002dbe   0x00000002   PAD
    0x08002dc0   0x08002dc0   0x00000020   Data   RO         6535    Region$$Table       anon$$obj.o


    Execution Region RW_IRAM1 (Exec base: 0x20000000, Load base: 0x08002de0, Size: 0x00004440, Max: 0x00020000, ABSOLUTE)

    Exec Addr    Load Addr    Size         Type   Attr      Idx    E Section Name        Object

    0x20000000   0x08002de0   0x00000014   Data   RW            7    .data               system_stm32f4xx.o
    0x20000014   0x08002df4   0x00000010   Data   RW         3013    .data               stm32f4xx_rcc.o
    0x20000024   0x08002e04   0x0000000c   Data   RW         5355    .data               cjson.o
    0x20000030   0x08002e10   0x00000002   Data   RW         6030    .data               bsp_adc.o
    0x20000032   0x08002e12   0x00000002   PAD
    0x20000034   0x08002e14   0x00000004   Data   RW         6500    .data               mc_w.l(stdout.o)
    0x20000038   0x08002e18   0x00000004   Data   RW         6511    .data               mc_w.l(mvars.o)
    0x2000003c   0x08002e1c   0x00000004   Data   RW         6512    .data               mc_w.l(mvars.o)
    0x20000040        -       0x00004000   Zero   RW          146    HEAP                startup_stm32f40_41xxx.o
    0x20004040        -       0x00000400   Zero   RW          145    STACK               startup_stm32f40_41xxx.o


==============================================================================

Image component sizes


      Code (inc. data)   RO Data    RW Data    ZI Data      Debug   Object Name

       280         18          0          2          0       2185   bsp_adc.o
       314         12          0          0          0       4589   bsp_debug_usart.o
       228         40          0          0          0       2563   bsp_json.o
        96          6          0          0          0        546   bsp_led.o
      3548        208          0         12          0      17539   cjson.o
       132         24          0          0          0       1530   core_delay.o
       160         50          0          0          0        575   main.o
       140         24          0          0          0       1763   misc.o
        36          8        392          0      17408        904   startup_stm32f40_41xxx.o
       412         24          0          0          0       6408   stm32f4xx_adc.o
       110          6          0          0          0       2585   stm32f4xx_dma.o
       214          0          0          0          0       1995   stm32f4xx_gpio.o
        62          4          0          0          0       4374   stm32f4xx_it.o
       296         30          0         16          0       4310   stm32f4xx_rcc.o
       438          8          0          0          0       5817   stm32f4xx_usart.o
       340         32          0         20          0     300369   system_stm32f4xx.o

    ----------------------------------------------------------------------
      6832        494        424         52      17408     358052   Object Totals
         0          0         32          0          0          0   (incl. Generated)
        26          0          0          2          0          0   (incl. Padding)

    ----------------------------------------------------------------------

      Code (inc. data)   RO Data    RW Data    ZI Data      Debug   Library Member Name

        20          0          0          0          0        124   fabs.o
       280         28          0          0          0        156   floor.o
         0          0          0          0          0          0   entry.o
         0          0          0          0          0          0   entry10a.o
         0          0          0          0          0          0   entry11a.o
         4          0          0          0          0          0   entry12b.o
         8          4          0          0          0          0   entry2.o
         4          0          0          0          0          0   entry5.o
         0          0          0          0          0          0   entry7b.o
         0          0          0          0          0          0   entry8b.o
         8          4          0          0          0          0   entry9a.o
        30          0          0          0          0          0   handlers.o
        36          8          0          0          0         68   init.o
         0          0          0          0          0          0   iusefp.o
        30          0          0          0          0         68   llshl.o
        36          0          0          0          0         68   llsshr.o
        32          0          0          0          0         68   llushr.o
       188         20          0          0          0        160   malloc.o
        36          0          0          0          0         68   memcpya.o
        36          0          0          0          0        108   memseta.o
         0          0          0          8          0          0   mvars.o
      2268         96          0          0          0        616   printfa.o
         0          0          0          4          0          0   stdout.o
        20          0          0          0          0         68   strchr.o
        18          0          0          0          0         68   strcpy.o
        14          0          0          0          0         68   strlen.o
        44          0          0          0          0         80   uidiv.o
        98          0          0          0          0         92   uldiv.o
        48          0          0          0          0         68   cdcmple.o
        48          0          0          0          0         68   cdrcmple.o
       334          0          0          0          0        148   dadd.o
       222          0          0          0          0        100   ddiv.o
       186          0          0          0          0        176   depilogue.o
        62          0          0          0          0         80   dfixi.o
        48          0          0          0          0         68   dfixul.o
        34          0          0          0          0         76   dflti.o
        26          0          0          0          0         76   dfltui.o
       228          0          0          0          0         96   dmul.o
        38          0          0          0          0         68   f2d.o

    ----------------------------------------------------------------------
      4488        160          0         12          0       2904   Library Totals
         4          0          0          0          0          0   (incl. Padding)

    ----------------------------------------------------------------------

      Code (inc. data)   RO Data    RW Data    ZI Data      Debug   Library Name

       300         28          0          0          0        280   m_wm.l
      2910        132          0         12          0       1600   mc_w.l
      1274          0          0          0          0       1024   mf_w.l

    ----------------------------------------------------------------------
      4488        160          0         12          0       2904   Library Totals

    ----------------------------------------------------------------------

==============================================================================


      Code (inc. data)   RO Data    RW Data    ZI Data      Debug   

     11320        654        424         64      17408     353204   Grand Totals
     11320        654        424         64      17408     353204   ELF Image Totals
     11320        654        424         64          0          0   ROM Totals

==============================================================================

    Total RO  Size (Code + RO Data)                11744 (  11.47kB)
    Total RW  Size (RW Data + ZI Data)             17472 (  17.06kB)
    Total ROM Size (Code + RO Data + RW Data)      11808 (  11.53kB)

==============================================================================

